/media/gustavo/nas/ssd/Lab/GitHub/LoRaMESH/examples/stm32/blinks/stm32l412kb_loramesh/LoRaMESH/src/core/../transport/ILoraTransport.h:10:13:ILoraTransport::~ILoraTransport()	16	static
/media/gustavo/nas/ssd/Lab/GitHub/LoRaMESH/examples/stm32/blinks/stm32l412kb_loramesh/LoRaMESH/src/core/../transport/ILoraTransport.h:10:13:virtual ILoraTransport::~ILoraTransport()	16	static
/media/gustavo/nas/ssd/Lab/GitHub/LoRaMESH/examples/stm32/blinks/stm32l412kb_loramesh/LoRaMESH/src/core/../transport/ILoraTransport.h:7:7:constexpr ILoraTransport::ILoraTransport()	16	static
/media/gustavo/nas/ssd/Lab/GitHub/LoRaMESH/examples/stm32/blinks/stm32l412kb_loramesh/LoRaMESH/src/adapters/stm32_hal/Stm32HalUartTransport.h:14:5:Stm32HalUartTransport::Stm32HalUartTransport(UART_HandleTypeDef*, void*, RbAvailableFn, RbReadFn)	24	static
/media/gustavo/nas/ssd/Lab/GitHub/LoRaMESH/examples/stm32/blinks/stm32l412kb_loramesh/LoRaMESH/src/adapters/stm32_hal/Stm32HalUartTransport.h:20:12:virtual size_t Stm32HalUartTransport::write(const uint8_t*, size_t)	24	static
/media/gustavo/nas/ssd/Lab/GitHub/LoRaMESH/examples/stm32/blinks/stm32l412kb_loramesh/LoRaMESH/src/adapters/stm32_hal/Stm32HalUartTransport.h:27:12:virtual size_t Stm32HalUartTransport::available()	16	static
/media/gustavo/nas/ssd/Lab/GitHub/LoRaMESH/examples/stm32/blinks/stm32l412kb_loramesh/LoRaMESH/src/adapters/stm32_hal/Stm32HalUartTransport.h:33:12:virtual size_t Stm32HalUartTransport::read(uint8_t*, size_t)	24	static
/media/gustavo/nas/ssd/Lab/GitHub/LoRaMESH/examples/stm32/blinks/stm32l412kb_loramesh/LoRaMESH/src/adapters/stm32_hal/Stm32HalUartTransport.h:39:14:virtual uint32_t Stm32HalUartTransport::millis()	16	static
../Core/Src/loramesh.cpp:31:13:void rbPush(UartRingBuffer*, uint8_t)	24	static
../Core/Src/loramesh.cpp:41:15:size_t rbAvailable(void*)	24	static
../Core/Src/loramesh.cpp:51:15:size_t rbRead(void*, uint8_t*, size_t)	32	static
../Core/Src/loramesh.cpp:65:13:void uartPrint(UART_HandleTypeDef*, const char*)	16	static
../Core/Src/loramesh.cpp:75:13:void uartPrintLn(UART_HandleTypeDef*, const char*)	16	static
../Core/Src/loramesh.cpp:81:13:void debugPrint(const char*)	16	static
../Core/Src/loramesh.cpp:86:13:void startLoraReception()	8	static
../Core/Src/loramesh.cpp:91:17:uint32_t randomBackoffMs()	8	static
../Core/Src/loramesh.cpp:99:13:void initializeRadio()	32	static
../Core/Src/loramesh.cpp:161:17:void HAL_UART_RxCpltCallback(UART_HandleTypeDef*)	16	static
../Core/Src/loramesh.cpp:170:17:void HAL_UART_ErrorCallback(UART_HandleTypeDef*)	16	static
../Core/Src/loramesh.cpp:178:17:void loramesh_init()	8	static
../Core/Src/loramesh.cpp:193:17:void loramesh_loop()	80	static
/media/gustavo/nas/ssd/Lab/GitHub/LoRaMESH/examples/stm32/blinks/stm32l412kb_loramesh/LoRaMESH/src/adapters/stm32_hal/Stm32HalUartTransport.h:11:7:Stm32HalUartTransport::~Stm32HalUartTransport()	16	static
/media/gustavo/nas/ssd/Lab/GitHub/LoRaMESH/examples/stm32/blinks/stm32l412kb_loramesh/LoRaMESH/src/adapters/stm32_hal/Stm32HalUartTransport.h:11:7:virtual Stm32HalUartTransport::~Stm32HalUartTransport()	16	static
../Core/Src/loramesh.cpp:241:1:void __static_initialization_and_destruction_0()	16	static
../Core/Src/loramesh.cpp:241:1:void __static_initialization_and_destruction_1()	8	static
../Core/Src/loramesh.cpp:241:1:cpp)	8	static
../Core/Src/loramesh.cpp:241:1:cpp)	8	static
