Archive member included to satisfy reference by file (symbol)

/home/gustavo/st/stm32cubeide_1.19.0/plugins/com.st.stm32cube.ide.mcu.externaltools.gnu-tools-for-stm32.13.3.rel1.linux64_1.0.0.202410170706/tools/bin/../lib/gcc/arm-none-eabi/13.3.1/../../../../arm-none-eabi/lib/thumb/v7e-m+fp/hard/libstdc++_nano.a(del_ops.o)
                              ./Core/Src/loramesh.o (operator delete(void*, unsigned int))
/home/gustavo/st/stm32cubeide_1.19.0/plugins/com.st.stm32cube.ide.mcu.externaltools.gnu-tools-for-stm32.13.3.rel1.linux64_1.0.0.202410170706/tools/bin/../lib/gcc/arm-none-eabi/13.3.1/../../../../arm-none-eabi/lib/thumb/v7e-m+fp/hard/libstdc++_nano.a(del_op.o)
                              /home/gustavo/st/stm32cubeide_1.19.0/plugins/com.st.stm32cube.ide.mcu.externaltools.gnu-tools-for-stm32.13.3.rel1.linux64_1.0.0.202410170706/tools/bin/../lib/gcc/arm-none-eabi/13.3.1/../../../../arm-none-eabi/lib/thumb/v7e-m+fp/hard/libstdc++_nano.a(del_ops.o) (operator delete(void*))
/home/gustavo/st/stm32cubeide_1.19.0/plugins/com.st.stm32cube.ide.mcu.externaltools.gnu-tools-for-stm32.13.3.rel1.linux64_1.0.0.202410170706/tools/bin/../lib/gcc/arm-none-eabi/13.3.1/../../../../arm-none-eabi/lib/thumb/v7e-m+fp/hard/libm.a(libm_a-w_exp.o)
                              ./LoRaMESH/src/core/LoRaMESH.o (exp)
/home/gustavo/st/stm32cubeide_1.19.0/plugins/com.st.stm32cube.ide.mcu.externaltools.gnu-tools-for-stm32.13.3.rel1.linux64_1.0.0.202410170706/tools/bin/../lib/gcc/arm-none-eabi/13.3.1/../../../../arm-none-eabi/lib/thumb/v7e-m+fp/hard/libm.a(libm_a-w_log.o)
                              ./LoRaMESH/src/core/LoRaMESH.o (log)
/home/gustavo/st/stm32cubeide_1.19.0/plugins/com.st.stm32cube.ide.mcu.externaltools.gnu-tools-for-stm32.13.3.rel1.linux64_1.0.0.202410170706/tools/bin/../lib/gcc/arm-none-eabi/13.3.1/../../../../arm-none-eabi/lib/thumb/v7e-m+fp/hard/libm.a(libm_a-s_finite.o)
                              /home/gustavo/st/stm32cubeide_1.19.0/plugins/com.st.stm32cube.ide.mcu.externaltools.gnu-tools-for-stm32.13.3.rel1.linux64_1.0.0.202410170706/tools/bin/../lib/gcc/arm-none-eabi/13.3.1/../../../../arm-none-eabi/lib/thumb/v7e-m+fp/hard/libm.a(libm_a-w_exp.o) (finite)
/home/gustavo/st/stm32cubeide_1.19.0/plugins/com.st.stm32cube.ide.mcu.externaltools.gnu-tools-for-stm32.13.3.rel1.linux64_1.0.0.202410170706/tools/bin/../lib/gcc/arm-none-eabi/13.3.1/../../../../arm-none-eabi/lib/thumb/v7e-m+fp/hard/libm.a(libm_a-s_nan.o)
                              /home/gustavo/st/stm32cubeide_1.19.0/plugins/com.st.stm32cube.ide.mcu.externaltools.gnu-tools-for-stm32.13.3.rel1.linux64_1.0.0.202410170706/tools/bin/../lib/gcc/arm-none-eabi/13.3.1/../../../../arm-none-eabi/lib/thumb/v7e-m+fp/hard/libm.a(libm_a-w_log.o) (nan)
/home/gustavo/st/stm32cubeide_1.19.0/plugins/com.st.stm32cube.ide.mcu.externaltools.gnu-tools-for-stm32.13.3.rel1.linux64_1.0.0.202410170706/tools/bin/../lib/gcc/arm-none-eabi/13.3.1/../../../../arm-none-eabi/lib/thumb/v7e-m+fp/hard/libm.a(libm_a-e_exp.o)
                              /home/gustavo/st/stm32cubeide_1.19.0/plugins/com.st.stm32cube.ide.mcu.externaltools.gnu-tools-for-stm32.13.3.rel1.linux64_1.0.0.202410170706/tools/bin/../lib/gcc/arm-none-eabi/13.3.1/../../../../arm-none-eabi/lib/thumb/v7e-m+fp/hard/libm.a(libm_a-w_exp.o) (__ieee754_exp)
/home/gustavo/st/stm32cubeide_1.19.0/plugins/com.st.stm32cube.ide.mcu.externaltools.gnu-tools-for-stm32.13.3.rel1.linux64_1.0.0.202410170706/tools/bin/../lib/gcc/arm-none-eabi/13.3.1/../../../../arm-none-eabi/lib/thumb/v7e-m+fp/hard/libm.a(libm_a-e_log.o)
                              /home/gustavo/st/stm32cubeide_1.19.0/plugins/com.st.stm32cube.ide.mcu.externaltools.gnu-tools-for-stm32.13.3.rel1.linux64_1.0.0.202410170706/tools/bin/../lib/gcc/arm-none-eabi/13.3.1/../../../../arm-none-eabi/lib/thumb/v7e-m+fp/hard/libm.a(libm_a-w_log.o) (__ieee754_log)
/home/gustavo/st/stm32cubeide_1.19.0/plugins/com.st.stm32cube.ide.mcu.externaltools.gnu-tools-for-stm32.13.3.rel1.linux64_1.0.0.202410170706/tools/bin/../lib/gcc/arm-none-eabi/13.3.1/../../../../arm-none-eabi/lib/thumb/v7e-m+fp/hard/libm.a(libm_a-math_err.o)
                              /home/gustavo/st/stm32cubeide_1.19.0/plugins/com.st.stm32cube.ide.mcu.externaltools.gnu-tools-for-stm32.13.3.rel1.linux64_1.0.0.202410170706/tools/bin/../lib/gcc/arm-none-eabi/13.3.1/../../../../arm-none-eabi/lib/thumb/v7e-m+fp/hard/libm.a(libm_a-e_exp.o) (__math_uflow)
/home/gustavo/st/stm32cubeide_1.19.0/plugins/com.st.stm32cube.ide.mcu.externaltools.gnu-tools-for-stm32.13.3.rel1.linux64_1.0.0.202410170706/tools/bin/../lib/gcc/arm-none-eabi/13.3.1/../../../../arm-none-eabi/lib/thumb/v7e-m+fp/hard/libc_nano.a(libc_a-exit.o)
                              /home/gustavo/st/stm32cubeide_1.19.0/plugins/com.st.stm32cube.ide.mcu.externaltools.gnu-tools-for-stm32.13.3.rel1.linux64_1.0.0.202410170706/tools/bin/../lib/gcc/arm-none-eabi/13.3.1/../../../../arm-none-eabi/lib/thumb/v7e-m+fp/hard/crt0.o (exit)
[...]
Memory Configuration

Name             Origin             Length             Attributes
RAM              0x20000000         0x00008000         xrw
RAM2             0x10000000         0x00002000         xrw
FLASH            0x08000000         0x00020000         xr
*default*        0x00000000         0xffffffff

Linker script and memory map

LOAD /home/gustavo/st/stm32cubeide_1.19.0/plugins/com.st.stm32cube.ide.mcu.externaltools.gnu-tools-for-stm32.13.3.rel1.linux64_1.0.0.202410170706/tools/bin/../lib/gcc/arm-none-eabi/13.3.1/thumb/v7e-m+fp/hard/crti.o
LOAD /home/gustavo/st/stm32cubeide_1.19.0/plugins/com.st.stm32cube.ide.mcu.externaltools.gnu-tools-for-stm32.13.3.rel1.linux64_1.0.0.202410170706/tools/bin/../lib/gcc/arm-none-eabi/13.3.1/thumb/v7e-m+fp/hard/crtbegin.o
LOAD /home/gustavo/st/stm32cubeide_1.19.0/plugins/com.st.stm32cube.ide.mcu.externaltools.gnu-tools-for-stm32.13.3.rel1.linux64_1.0.0.202410170706/tools/bin/../lib/gcc/arm-none-eabi/13.3.1/../../../../arm-none-eabi/lib/thumb/v7e-m+fp/hard/crt0.o
LOAD ./Core/Src/loramesh.o
LOAD ./Core/Src/main.o
LOAD ./Core/Src/stm32l4xx_hal_msp.o
LOAD ./Core/Src/stm32l4xx_it.o
LOAD ./Core/Src/syscalls.o
LOAD ./Core/Src/sysmem.o
LOAD ./Core/Src/system_stm32l4xx.o
LOAD ./Core/Startup/startup_stm32l412kbux.o
LOAD ./Drivers/STM32L4xx_HAL_Driver/Src/stm32l4xx_hal.o
LOAD ./Drivers/STM32L4xx_HAL_Driver/Src/stm32l4xx_hal_cortex.o
LOAD ./Drivers/STM32L4xx_HAL_Driver/Src/stm32l4xx_hal_dma.o
LOAD ./Drivers/STM32L4xx_HAL_Driver/Src/stm32l4xx_hal_dma_ex.o
LOAD ./Drivers/STM32L4xx_HAL_Driver/Src/stm32l4xx_hal_exti.o
LOAD ./Drivers/STM32L4xx_HAL_Driver/Src/stm32l4xx_hal_flash.o
LOAD ./Drivers/STM32L4xx_HAL_Driver/Src/stm32l4xx_hal_flash_ex.o
LOAD ./Drivers/STM32L4xx_HAL_Driver/Src/stm32l4xx_hal_flash_ramfunc.o
LOAD ./Drivers/STM32L4xx_HAL_Driver/Src/stm32l4xx_hal_gpio.o
LOAD ./Drivers/STM32L4xx_HAL_Driver/Src/stm32l4xx_hal_i2c.o
LOAD ./Drivers/STM32L4xx_HAL_Driver/Src/stm32l4xx_hal_i2c_ex.o
LOAD ./Drivers/STM32L4xx_HAL_Driver/Src/stm32l4xx_hal_pwr.o
LOAD ./Drivers/STM32L4xx_HAL_Driver/Src/stm32l4xx_hal_pwr_ex.o
LOAD ./Drivers/STM32L4xx_HAL_Driver/Src/stm32l4xx_hal_rcc.o
LOAD ./Drivers/STM32L4xx_HAL_Driver/Src/stm32l4xx_hal_rcc_ex.o
LOAD ./Drivers/STM32L4xx_HAL_Driver/Src/stm32l4xx_hal_uart.o
LOAD ./Drivers/STM32L4xx_HAL_Driver/Src/stm32l4xx_hal_uart_ex.o
LOAD ./LoRaMESH/src/core/LoRaMESH.o
START GROUP
LOAD /home/gustavo/st/stm32cubeide_1.19.0/plugins/com.st.stm32cube.ide.mcu.externaltools.gnu-tools-for-stm32.13.3.rel1.linux64_1.0.0.202410170706/tools/bin/../lib/gcc/arm-none-eabi/13.3.1/../../../../arm-none-eabi/lib/thumb/v7e-m+fp/hard/libstdc++_nano.a
LOAD /home/gustavo/st/stm32cubeide_1.19.0/plugins/com.st.stm32cube.ide.mcu.externaltools.gnu-tools-for-stm32.13.3.rel1.linux64_1.0.0.202410170706/tools/bin/../lib/gcc/arm-none-eabi/13.3.1/../../../../arm-none-eabi/lib/thumb/v7e-m+fp/hard/libsupc++_nano.a
END GROUP
LOAD /home/gustavo/st/stm32cubeide_1.19.0/plugins/com.st.stm32cube.ide.mcu.externaltools.gnu-tools-for-stm32.13.3.rel1.linux64_1.0.0.202410170706/tools/bin/../lib/gcc/arm-none-eabi/13.3.1/../../../../arm-none-eabi/lib/thumb/v7e-m+fp/hard/libstdc++_nano.a
LOAD /home/gustavo/st/stm32cubeide_1.19.0/plugins/com.st.stm32cube.ide.mcu.externaltools.gnu-tools-for-stm32.13.3.rel1.linux64_1.0.0.202410170706/tools/bin/../lib/gcc/arm-none-eabi/13.3.1/../../../../arm-none-eabi/lib/thumb/v7e-m+fp/hard/libm.a
LOAD /home/gustavo/st/stm32cubeide_1.19.0/plugins/com.st.stm32cube.ide.mcu.externaltools.gnu-tools-for-stm32.13.3.rel1.linux64_1.0.0.202410170706/tools/bin/../lib/gcc/arm-none-eabi/13.3.1/../../../../arm-none-eabi/lib/thumb/v7e-m+fp/hard/libc_nano.a
START GROUP
LOAD /home/gustavo/st/stm32cubeide_1.19.0/plugins/com.st.stm32cube.ide.mcu.externaltools.gnu-tools-for-stm32.13.3.rel1.linux64_1.0.0.202410170706/tools/bin/../lib/gcc/arm-none-eabi/13.3.1/thumb/v7e-m+fp/hard/libgcc.a
LOAD /home/gustavo/st/stm32cubeide_1.19.0/plugins/com.st.stm32cube.ide.mcu.externaltools.gnu-tools-for-stm32.13.3.rel1.linux64_1.0.0.202410170706/tools/bin/../lib/gcc/arm-none-eabi/13.3.1/../../../../arm-none-eabi/lib/thumb/v7e-m+fp/hard/libc_nano.a
END GROUP
START GROUP
LOAD /home/gustavo/st/stm32cubeide_1.19.0/plugins/com.st.stm32cube.ide.mcu.externaltools.gnu-tools-for-stm32.13.3.rel1.linux64_1.0.0.202410170706/tools/bin/../lib/gcc/arm-none-eabi/13.3.1/thumb/v7e-m+fp/hard/libgcc.a
LOAD /home/gustavo/st/stm32cubeide_1.19.0/plugins/com.st.stm32cube.ide.mcu.externaltools.gnu-tools-for-stm32.13.3.rel1.linux64_1.0.0.202410170706/tools/bin/../lib/gcc/arm-none-eabi/13.3.1/../../../../arm-none-eabi/lib/thumb/v7e-m+fp/hard/libc_nano.a
END GROUP
LOAD /home/gustavo/st/stm32cubeide_1.19.0/plugins/com.st.stm32cube.ide.mcu.externaltools.gnu-tools-for-stm32.13.3.rel1.linux64_1.0.0.202410170706/tools/bin/../lib/gcc/arm-none-eabi/13.3.1/thumb/v7e-m+fp/hard/crtend.o
LOAD /home/gustavo/st/stm32cubeide_1.19.0/plugins/com.st.stm32cube.ide.mcu.externaltools.gnu-tools-for-stm32.13.3.rel1.linux64_1.0.0.202410170706/tools/bin/../lib/gcc/arm-none-eabi/13.3.1/thumb/v7e-m+fp/hard/crtn.o
                0x20008000                        _estack = (ORIGIN (RAM) + LENGTH (RAM))
                0x00000200                        _Min_Heap_Size = 0x200
                0x00000400                        _Min_Stack_Size = 0x400

.isr_vector     0x08000000      0x18c
                0x08000000                        . = ALIGN (0x4)
 *(.isr_vector)
 .isr_vector    0x08000000      0x18c ./Core/Startup/startup_stm32l412kbux.o
                0x08000000                g_pfnVectors
                0x0800018c                        . = ALIGN (0x4)

.text           0x08000190     0x64bc
                0x08000190                        . = ALIGN (0x4)
 *(.text)
 .text          0x08000190       0x40 /home/gustavo/st/stm32cubeide_1.19.0/plugins/com.st.stm32cube.ide.mcu.externaltools.gnu-tools-for-stm32.13.3.rel1.linux64_1.0.0.202410170706/tools/bin/../lib/gcc/arm-none-eabi/13.3.1/thumb/v7e-m+fp/hard/crtbegin.o
 .text          0x080001d0       0x10 /home/gustavo/st/stm32cubeide_1.19.0/plugins/com.st.stm32cube.ide.mcu.externaltools.gnu-tools-for-stm32.13.3.rel1.linux64_1.0.0.202410170706/tools/bin/../lib/gcc/arm-none-eabi/13.3.1/../../../../arm-none-eabi/lib/thumb/v7e-m+fp/hard/libc_nano.a(libc_a-strlen.o)
                0x080001d0                strlen
 .text          0x080001e0       0xa0 /home/gustavo/st/stm32cubeide_1.19.0/plugins/com.st.stm32cube.ide.mcu.externaltools.gnu-tools-for-stm32.13.3.rel1.linux64_1.0.0.202410170706/tools/bin/../lib/gcc/arm-none-eabi/13.3.1/../../../../arm-none-eabi/lib/thumb/v7e-m+fp/hard/libc_nano.a(libc_a-memchr.o)
                0x080001e0                memchr
 .text          0x08000280       0x30 /home/gustavo/st/stm32cubeide_1.19.0/plugins/com.st.stm32cube.ide.mcu.externaltools.gnu-tools-for-stm32.13.3.rel1.linux64_1.0.0.202410170706/tools/bin/../lib/gcc/arm-none-eabi/13.3.1/thumb/v7e-m+fp/hard/libgcc.a(_aeabi_uldivmod.o)
                0x08000280                __aeabi_uldivmod
 .text          0x080002b0      0x2f8 /home/gustavo/st/stm32cubeide_1.19.0/plugins/com.st.stm32cube.ide.mcu.externaltools.gnu-tools-for-stm32.13.3.rel1.linux64_1.0.0.202410170706/tools/bin/../lib/gcc/arm-none-eabi/13.3.1/thumb/v7e-m+fp/hard/libgcc.a(_udivmoddi4.o)
                0x080002b0                __udivmoddi4
 .text          0x080005a8        0x4 /home/gustavo/st/stm32cubeide_1.19.0/plugins/com.st.stm32cube.ide.mcu.externaltools.gnu-tools-for-stm32.13.3.rel1.linux64_1.0.0.202410170706/tools/bin/../lib/gcc/arm-none-eabi/13.3.1/thumb/v7e-m+fp/hard/libgcc.a(_dvmd_tls.o)
                0x080005a8                __aeabi_ldiv0
                0x080005a8                __aeabi_idiv0
 *(.text*)
 .text._ZN14ILoraTransportD2Ev
                0x080005ac       0x20 ./Core/Src/loramesh.o
                0x080005ac                ILoraTransport::~ILoraTransport()
                0x080005ac                ILoraTransport::~ILoraTransport()
 .text._ZN14ILoraTransportD0Ev
                0x080005cc       0x20 ./Core/Src/loramesh.o
                0x080005cc                ILoraTransport::~ILoraTransport()
 .text._ZN14ILoraTransportC2Ev
                0x080005ec       0x20 ./Core/Src/loramesh.o
                0x080005ec                ILoraTransport::ILoraTransport()
                0x080005ec                ILoraTransport::ILoraTransport()
 .text._ZN21Stm32HalUartTransportC2EP20__UART_HandleTypeDefPvPFjS2_EPFjS2_PhjE
                0x0800060c       0x44 ./Core/Src/loramesh.o
                0x0800060c                Stm32HalUartTransport::Stm32HalUartTransport(__UART_HandleTypeDef*, void*, unsigned int (*)(void*), unsigned int (*)(void*, unsigned char*, unsigned int))
                0x0800060c                Stm32HalUartTransport::Stm32HalUartTransport(__UART_HandleTypeDef*, void*, unsigned int (*)(void*), unsigned int (*)(void*, unsigned char*, unsigned int))
 .text._ZN21Stm32HalUartTransport5writeEPKhj
                0x08000650       0x46 ./Core/Src/loramesh.o
                0x08000650                Stm32HalUartTransport::write(unsigned char const*, unsigned int)
 .text._ZN21Stm32HalUartTransport9availableEv
                0x08000696       0x2c ./Core/Src/loramesh.o
                0x08000696                Stm32HalUartTransport::available()
 .text._ZN21Stm32HalUartTransport4readEPhj
                0x080006c2       0x32 ./Core/Src/loramesh.o
                0x080006c2                Stm32HalUartTransport::read(unsigned char*, unsigned int)
 .text._ZN21Stm32HalUartTransport6millisEv
                0x080006f4       0x16 ./Core/Src/loramesh.o
                0x080006f4                Stm32HalUartTransport::millis()
 .text._ZL6rbPushP14UartRingBufferh
                0x0800070a       0x54 ./Core/Src/loramesh.o
 .text._ZL11rbAvailablePv
                0x0800075e       0x58 ./Core/Src/loramesh.o
 .text._ZL6rbReadPvPhj
                0x080007b6       0x72 ./Core/Src/loramesh.o
 .text._ZL9uartPrintP20__UART_HandleTypeDefPKc
                0x08000828       0x28 ./Core/Src/loramesh.o
 .text._ZL11uartPrintLnP20__UART_HandleTypeDefPKc
                0x08000850       0x28 ./Core/Src/loramesh.o
 .text._ZL10debugPrintPKc
                0x08000878       0x1c ./Core/Src/loramesh.o
 .text._ZL18startLoraReceptionv
                0x08000894       0x1c ./Core/Src/loramesh.o
 .text._ZL15randomBackoffMsv
                0x080008b0       0x30 ./Core/Src/loramesh.o
 .text._ZL15initializeRadiov
                0x080008e0      0x1c8 ./Core/Src/loramesh.o
 .text.HAL_UART_RxCpltCallback
                0x08000aa8       0x40 ./Core/Src/loramesh.o
                0x08000aa8                HAL_UART_RxCpltCallback
 .text.HAL_UART_ErrorCallback
                0x08000ae8       0x30 ./Core/Src/loramesh.o
                0x08000ae8                HAL_UART_ErrorCallback
 .text.loramesh_init
                0x08000b18       0x54 ./Core/Src/loramesh.o
                0x08000b18                loramesh_init
 .text.loramesh_loop
                0x08000b6c      0x154 ./Core/Src/loramesh.o
                0x08000b6c                loramesh_loop
 .text._ZN21Stm32HalUartTransportD2Ev
                0x08000cc0       0x24 ./Core/Src/loramesh.o
                0x08000cc0                Stm32HalUartTransport::~Stm32HalUartTransport()
                0x08000cc0                Stm32HalUartTransport::~Stm32HalUartTransport()
 .text._ZN21Stm32HalUartTransportD0Ev
                0x08000ce4       0x20 ./Core/Src/loramesh.o
                0x08000ce4                Stm32HalUartTransport::~Stm32HalUartTransport()
 .text._Z41__static_initialization_and_destruction_0v
                0x08000d04       0x40 ./Core/Src/loramesh.o
 .text._Z41__static_initialization_and_destruction_1v
                0x08000d44       0x14 ./Core/Src/loramesh.o
 .text._GLOBAL__sub_I_HAL_UART_RxCpltCallback
                0x08000d58        0xa ./Core/Src/loramesh.o
 .text._GLOBAL__sub_D_HAL_UART_RxCpltCallback
                0x08000d62        0xa ./Core/Src/loramesh.o
 .text.main     0x08000d6c       0x22 ./Core/Src/main.o
                0x08000d6c                main
 *fill*         0x08000d8e        0x2 
 .text.SystemClock_Config
                0x08000d90       0xac ./Core/Src/main.o
                0x08000d90                SystemClock_Config
 .text.MX_USART1_UART_Init
                0x08000e3c       0x60 ./Core/Src/main.o
 .text.MX_USART2_UART_Init
                0x08000e9c       0x60 ./Core/Src/main.o
 .text.MX_GPIO_Init
                0x08000efc       0x94 ./Core/Src/main.o
 .text.Error_Handler
                0x08000f90        0xc ./Core/Src/main.o
                0x08000f90                Error_Handler
 .text.HAL_MspInit
                0x08000f9c       0x48 ./Core/Src/stm32l4xx_hal_msp.o
                0x08000f9c                HAL_MspInit
 .text.HAL_UART_MspInit
                0x08000fe4      0x164 ./Core/Src/stm32l4xx_hal_msp.o
                0x08000fe4                HAL_UART_MspInit
 .text.NMI_Handler
                0x08001148        0x8 ./Core/Src/stm32l4xx_it.o
                0x08001148                NMI_Handler
 .text.HardFault_Handler
                0x08001150        0x8 ./Core/Src/stm32l4xx_it.o
                0x08001150                HardFault_Handler
 .text.MemManage_Handler
                0x08001158        0x8 ./Core/Src/stm32l4xx_it.o
                0x08001158                MemManage_Handler
 .text.BusFault_Handler
                0x08001160        0x8 ./Core/Src/stm32l4xx_it.o
                0x08001160                BusFault_Handler
 .text.UsageFault_Handler
                0x08001168        0x8 ./Core/Src/stm32l4xx_it.o
                0x08001168                UsageFault_Handler
 .text.SVC_Handler
                0x08001170        0xe ./Core/Src/stm32l4xx_it.o
                0x08001170                SVC_Handler
 .text.DebugMon_Handler
                0x0800117e        0xe ./Core/Src/stm32l4xx_it.o
                0x0800117e                DebugMon_Handler
 .text.PendSV_Handler
                0x0800118c        0xe ./Core/Src/stm32l4xx_it.o
                0x0800118c                PendSV_Handler
 .text.SysTick_Handler
                0x0800119a        0xc ./Core/Src/stm32l4xx_it.o
                0x0800119a                SysTick_Handler
 *fill*         0x080011a6        0x2 
 .text.USART1_IRQHandler
                0x080011a8       0x14 ./Core/Src/stm32l4xx_it.o
                0x080011a8                USART1_IRQHandler
 .text._getpid  0x080011bc       0x10 ./Core/Src/syscalls.o
                0x080011bc                _getpid
 .text._kill    0x080011cc       0x20 ./Core/Src/syscalls.o
                0x080011cc                _kill
 .text._exit    0x080011ec       0x16 ./Core/Src/syscalls.o
                0x080011ec                _exit
 .text._read    0x08001202       0x3a ./Core/Src/syscalls.o
                0x08001202                _read
 .text._write   0x0800123c       0x38 ./Core/Src/syscalls.o
                0x0800123c                _write
 .text._close   0x08001274       0x18 ./Core/Src/syscalls.o
                0x08001274                _close
 .text._fstat   0x0800128c       0x20 ./Core/Src/syscalls.o
                0x0800128c                _fstat
 .text._isatty  0x080012ac       0x16 ./Core/Src/syscalls.o
                0x080012ac                _isatty
 .text._lseek   0x080012c2       0x1a ./Core/Src/syscalls.o
                0x080012c2                _lseek
 .text._sbrk    0x080012dc       0x6c ./Core/Src/sysmem.o
                0x080012dc                _sbrk
 .text.SystemInit
                0x08001348       0x24 ./Core/Src/system_stm32l4xx.o
                0x08001348                SystemInit
 .text.Reset_Handler
                0x0800136c       0x50 ./Core/Startup/startup_stm32l412kbux.o
                0x0800136c                Reset_Handler
 .text.Default_Handler
                0x080013bc        0x2 ./Core/Startup/startup_stm32l412kbux.o
                0x080013bc                RTC_Alarm_IRQHandler
                0x080013bc                EXTI2_IRQHandler
                0x080013bc                TIM1_CC_IRQHandler
                0x080013bc                TSC_IRQHandler
                0x080013bc                TIM6_IRQHandler
                0x080013bc                TAMP_STAMP_IRQHandler
                0x080013bc                EXTI3_IRQHandler
                0x080013bc                LPTIM2_IRQHandler
                0x080013bc                I2C3_ER_IRQHandler
                0x080013bc                EXTI0_IRQHandler
                0x080013bc                I2C2_EV_IRQHandler
                0x080013bc                FPU_IRQHandler
                0x080013bc                TIM1_UP_TIM16_IRQHandler
                0x080013bc                ADC1_2_IRQHandler
                0x080013bc                SPI1_IRQHandler
                0x080013bc                DMA2_Channel2_IRQHandler
                0x080013bc                DMA1_Channel4_IRQHandler
                0x080013bc                USART3_IRQHandler
                0x080013bc                DMA1_Channel7_IRQHandler
                0x080013bc                DMA2_Channel1_IRQHandler
                0x080013bc                QUADSPI_IRQHandler
                0x080013bc                I2C1_EV_IRQHandler
                0x080013bc                DMA1_Channel6_IRQHandler
                0x080013bc                DMA2_Channel4_IRQHandler
                0x080013bc                RCC_IRQHandler
                0x080013bc                TIM1_TRG_COM_IRQHandler
                0x080013bc                DMA1_Channel1_IRQHandler
                0x080013bc                Default_Handler
                0x080013bc                DMA2_Channel7_IRQHandler
                0x080013bc                EXTI15_10_IRQHandler
                0x080013bc                I2C3_EV_IRQHandler
                0x080013bc                USB_IRQHandler
                0x080013bc                EXTI9_5_IRQHandler
                0x080013bc                RTC_WKUP_IRQHandler
                0x080013bc                PVD_PVM_IRQHandler
                0x080013bc                SPI2_IRQHandler
                0x080013bc                DMA2_Channel5_IRQHandler
                0x080013bc                CRS_IRQHandler
                0x080013bc                DMA1_Channel5_IRQHandler
                0x080013bc                EXTI4_IRQHandler
                0x080013bc                RNG_IRQHandler
                0x080013bc                DMA1_Channel3_IRQHandler
                0x080013bc                COMP_IRQHandler
                0x080013bc                WWDG_IRQHandler
                0x080013bc                LPUART1_IRQHandler
                0x080013bc                DMA2_Channel6_IRQHandler
                0x080013bc                TIM2_IRQHandler
                0x080013bc                EXTI1_IRQHandler
                0x080013bc                USART2_IRQHandler
                0x080013bc                I2C2_ER_IRQHandler
                0x080013bc                DMA1_Channel2_IRQHandler
                0x080013bc                FLASH_IRQHandler
                0x080013bc                I2C1_ER_IRQHandler
                0x080013bc                LPTIM1_IRQHandler
                0x080013bc                DMA2_Channel3_IRQHandler
                0x080013bc                TIM1_BRK_TIM15_IRQHandler
 .text.HAL_Init
                0x080013be       0x30 ./Drivers/STM32L4xx_HAL_Driver/Src/stm32l4xx_hal.o
                0x080013be                HAL_Init
 *fill*         0x080013ee        0x2 
 .text.HAL_InitTick
                0x080013f0       0x78 ./Drivers/STM32L4xx_HAL_Driver/Src/stm32l4xx_hal.o
                0x080013f0                HAL_InitTick
 .text.HAL_IncTick
                0x08001468       0x28 ./Drivers/STM32L4xx_HAL_Driver/Src/stm32l4xx_hal.o
                0x08001468                HAL_IncTick
 .text.HAL_GetTick
                0x08001490       0x18 ./Drivers/STM32L4xx_HAL_Driver/Src/stm32l4xx_hal.o
                0x08001490                HAL_GetTick
 .text.HAL_Delay
                0x080014a8       0x48 ./Drivers/STM32L4xx_HAL_Driver/Src/stm32l4xx_hal.o
                0x080014a8                HAL_Delay
 .text.__NVIC_SetPriorityGrouping
                0x080014f0       0x48 ./Drivers/STM32L4xx_HAL_Driver/Src/stm32l4xx_hal_cortex.o
 .text.__NVIC_GetPriorityGrouping
                0x08001538       0x1c ./Drivers/STM32L4xx_HAL_Driver/Src/stm32l4xx_hal_cortex.o
 .text.__NVIC_EnableIRQ
                0x08001554       0x3c ./Drivers/STM32L4xx_HAL_Driver/Src/stm32l4xx_hal_cortex.o
 .text.__NVIC_SetPriority
                0x08001590       0x54 ./Drivers/STM32L4xx_HAL_Driver/Src/stm32l4xx_hal_cortex.o
 .text.NVIC_EncodePriority
                0x080015e4       0x66 ./Drivers/STM32L4xx_HAL_Driver/Src/stm32l4xx_hal_cortex.o
 *fill*         0x0800164a        0x2 
 .text.SysTick_Config
                0x0800164c       0x44 ./Drivers/STM32L4xx_HAL_Driver/Src/stm32l4xx_hal_cortex.o
 .text.HAL_NVIC_SetPriorityGrouping
                0x08001690       0x16 ./Drivers/STM32L4xx_HAL_Driver/Src/stm32l4xx_hal_cortex.o
                0x08001690                HAL_NVIC_SetPriorityGrouping
 .text.HAL_NVIC_SetPriority
                0x080016a6       0x38 ./Drivers/STM32L4xx_HAL_Driver/Src/stm32l4xx_hal_cortex.o
                0x080016a6                HAL_NVIC_SetPriority
 .text.HAL_NVIC_EnableIRQ
                0x080016de       0x1c ./Drivers/STM32L4xx_HAL_Driver/Src/stm32l4xx_hal_cortex.o
                0x080016de                HAL_NVIC_EnableIRQ
 .text.HAL_SYSTICK_Config
                0x080016fa       0x18 ./Drivers/STM32L4xx_HAL_Driver/Src/stm32l4xx_hal_cortex.o
                0x080016fa                HAL_SYSTICK_Config
 .text.HAL_DMA_Abort
                0x08001712       0x82 ./Drivers/STM32L4xx_HAL_Driver/Src/stm32l4xx_hal_dma.o
                0x08001712                HAL_DMA_Abort
 .text.HAL_DMA_Abort_IT
                0x08001794       0x82 ./Drivers/STM32L4xx_HAL_Driver/Src/stm32l4xx_hal_dma.o
                0x08001794                HAL_DMA_Abort_IT
 *fill*         0x08001816        0x2 
 .text.HAL_GPIO_Init
                0x08001818      0x2e4 ./Drivers/STM32L4xx_HAL_Driver/Src/stm32l4xx_hal_gpio.o
                0x08001818                HAL_GPIO_Init
 .text.HAL_GPIO_WritePin
                0x08001afc       0x30 ./Drivers/STM32L4xx_HAL_Driver/Src/stm32l4xx_hal_gpio.o
                0x08001afc                HAL_GPIO_WritePin
 .text.HAL_PWR_EnableBkUpAccess
                0x08001b2c       0x20 ./Drivers/STM32L4xx_HAL_Driver/Src/stm32l4xx_hal_pwr.o
                0x08001b2c                HAL_PWR_EnableBkUpAccess
 .text.HAL_PWREx_GetVoltageRange
                0x08001b4c       0x1c ./Drivers/STM32L4xx_HAL_Driver/Src/stm32l4xx_hal_pwr_ex.o
                0x08001b4c                HAL_PWREx_GetVoltageRange
 .text.HAL_PWREx_ControlVoltageScaling
                0x08001b68       0xac ./Drivers/STM32L4xx_HAL_Driver/Src/stm32l4xx_hal_pwr_ex.o
                0x08001b68                HAL_PWREx_ControlVoltageScaling
 .text.HAL_RCC_OscConfig
                0x08001c14      0x8c4 ./Drivers/STM32L4xx_HAL_Driver/Src/stm32l4xx_hal_rcc.o
                0x08001c14                HAL_RCC_OscConfig
 .text.HAL_RCC_ClockConfig
                0x080024d8      0x200 ./Drivers/STM32L4xx_HAL_Driver/Src/stm32l4xx_hal_rcc.o
                0x080024d8                HAL_RCC_ClockConfig
 .text.HAL_RCC_GetSysClockFreq
                0x080026d8      0x118 ./Drivers/STM32L4xx_HAL_Driver/Src/stm32l4xx_hal_rcc.o
                0x080026d8                HAL_RCC_GetSysClockFreq
 .text.HAL_RCC_GetHCLKFreq
                0x080027f0       0x18 ./Drivers/STM32L4xx_HAL_Driver/Src/stm32l4xx_hal_rcc.o
                0x080027f0                HAL_RCC_GetHCLKFreq
 .text.HAL_RCC_GetPCLK1Freq
                0x08002808       0x2c ./Drivers/STM32L4xx_HAL_Driver/Src/stm32l4xx_hal_rcc.o
                0x08002808                HAL_RCC_GetPCLK1Freq
 .text.HAL_RCC_GetPCLK2Freq
                0x08002834       0x2c ./Drivers/STM32L4xx_HAL_Driver/Src/stm32l4xx_hal_rcc.o
                0x08002834                HAL_RCC_GetPCLK2Freq
 .text.RCC_SetFlashLatencyFromMSIRange
                0x08002860       0xc0 ./Drivers/STM32L4xx_HAL_Driver/Src/stm32l4xx_hal_rcc.o
 .text.HAL_RCCEx_PeriphCLKConfig
                0x08002920      0x30c ./Drivers/STM32L4xx_HAL_Driver/Src/stm32l4xx_hal_rcc_ex.o
                0x08002920                HAL_RCCEx_PeriphCLKConfig
 .text.HAL_RCCEx_EnableMSIPLLMode
                0x08002c2c       0x20 ./Drivers/STM32L4xx_HAL_Driver/Src/stm32l4xx_hal_rcc_ex.o
                0x08002c2c                HAL_RCCEx_EnableMSIPLLMode
 .text.HAL_UART_Init
                0x08002c4c       0x9c ./Drivers/STM32L4xx_HAL_Driver/Src/stm32l4xx_hal_uart.o
                0x08002c4c                HAL_UART_Init
 .text.HAL_UART_Transmit
                0x08002ce8      0x126 ./Drivers/STM32L4xx_HAL_Driver/Src/stm32l4xx_hal_uart.o
                0x08002ce8                HAL_UART_Transmit
 *fill*         0x08002e0e        0x2 
 .text.HAL_UART_Receive_IT
                0x08002e10       0x98 ./Drivers/STM32L4xx_HAL_Driver/Src/stm32l4xx_hal_uart.o
                0x08002e10                HAL_UART_Receive_IT
 .text.HAL_UART_IRQHandler
                0x08002ea8      0x60c ./Drivers/STM32L4xx_HAL_Driver/Src/stm32l4xx_hal_uart.o
                0x08002ea8                HAL_UART_IRQHandler
 .text.HAL_UART_TxCpltCallback
                0x080034b4       0x14 ./Drivers/STM32L4xx_HAL_Driver/Src/stm32l4xx_hal_uart.o
                0x080034b4                HAL_UART_TxCpltCallback
 .text.HAL_UARTEx_RxEventCallback
                0x080034c8       0x18 ./Drivers/STM32L4xx_HAL_Driver/Src/stm32l4xx_hal_uart.o
                0x080034c8                HAL_UARTEx_RxEventCallback
 .text.UART_SetConfig
                0x080034e0      0x4b4 ./Drivers/STM32L4xx_HAL_Driver/Src/stm32l4xx_hal_uart.o
                0x080034e0                UART_SetConfig
 .text.UART_AdvFeatureConfig
                0x08003994      0x144 ./Drivers/STM32L4xx_HAL_Driver/Src/stm32l4xx_hal_uart.o
                0x08003994                UART_AdvFeatureConfig
 .text.UART_CheckIdleState
                0x08003ad8      0x150 ./Drivers/STM32L4xx_HAL_Driver/Src/stm32l4xx_hal_uart.o
                0x08003ad8                UART_CheckIdleState
 .text.UART_WaitOnFlagUntilTimeout
                0x08003c28       0xda ./Drivers/STM32L4xx_HAL_Driver/Src/stm32l4xx_hal_uart.o
                0x08003c28                UART_WaitOnFlagUntilTimeout
 *fill*         0x08003d02        0x2 
 .text.UART_Start_Receive_IT
                0x08003d04      0x18c ./Drivers/STM32L4xx_HAL_Driver/Src/stm32l4xx_hal_uart.o
                0x08003d04                UART_Start_Receive_IT
 .text.UART_EndRxTransfer
                0x08003e90       0xc8 ./Drivers/STM32L4xx_HAL_Driver/Src/stm32l4xx_hal_uart.o
 .text.UART_DMAAbortOnError
                0x08003f58       0x1c ./Drivers/STM32L4xx_HAL_Driver/Src/stm32l4xx_hal_uart.o
 .text.UART_EndTransmit_IT
                0x08003f74       0x54 ./Drivers/STM32L4xx_HAL_Driver/Src/stm32l4xx_hal_uart.o
 .text.UART_RxISR_8BIT
                0x08003fc8      0x1b8 ./Drivers/STM32L4xx_HAL_Driver/Src/stm32l4xx_hal_uart.o
 .text.UART_RxISR_16BIT
                0x08004180      0x1b8 ./Drivers/STM32L4xx_HAL_Driver/Src/stm32l4xx_hal_uart.o
 .text.HAL_UARTEx_WakeupCallback
                0x08004338       0x14 ./Drivers/STM32L4xx_HAL_Driver/Src/stm32l4xx_hal_uart_ex.o
                0x08004338                HAL_UARTEx_WakeupCallback
 .text._ZN8LoRaMESHC2EP14ILoraTransportS1_
                0x0800434c       0xe6 ./LoRaMESH/src/core/LoRaMESH.o
                0x0800434c                LoRaMESH::LoRaMESH(ILoraTransport*, ILoraTransport*)
                0x0800434c                LoRaMESH::LoRaMESH(ILoraTransport*, ILoraTransport*)
 .text._ZN8LoRaMESH8setDebugEPFvPKcEb
                0x08004432       0x2a ./LoRaMESH/src/core/LoRaMESH.o
                0x08004432                LoRaMESH::setDebug(void (*)(char const*), bool)
 .text._ZN8LoRaMESH10dbgHexDumpEPKcPKhj
                0x0800445c      0x148 ./LoRaMESH/src/core/LoRaMESH.o
                0x0800445c                LoRaMESH::dbgHexDump(char const*, unsigned char const*, unsigned int)
 .text._ZN8LoRaMESH5beginEb
                0x080045a4       0x28 ./LoRaMESH/src/core/LoRaMESH.o
                0x080045a4                LoRaMESH::begin(bool)
 .text._ZN8LoRaMESH10ComputeCRCEPKht
                0x080045cc       0x7c ./LoRaMESH/src/core/LoRaMESH.o
                0x080045cc                LoRaMESH::ComputeCRC(unsigned char const*, unsigned short)
 .text._ZN8LoRaMESH19prepareFrameCommandEthPKhh
                0x08004648      0x100 ./LoRaMESH/src/core/LoRaMESH.o
                0x08004648                LoRaMESH::prepareFrameCommand(unsigned short, unsigned char, unsigned char const*, unsigned char)
 .text._ZN8LoRaMESH10sendPacketEv
                0x08004748       0xaa ./LoRaMESH/src/core/LoRaMESH.o
                0x08004748                LoRaMESH::sendPacket()
 .text._ZN8LoRaMESH7recvRawEP14ILoraTransportPhPjjmm
                0x080047f2       0xf8 ./LoRaMESH/src/core/LoRaMESH.o
                0x080047f2                LoRaMESH::recvRaw(ILoraTransport*, unsigned char*, unsigned int*, unsigned int, unsigned long, unsigned long)
 *fill*         0x080048ea        0x2 
 .text._ZN8LoRaMESH20receivePacketCommandEPtPhS1_S1_mm
                0x080048ec      0x134 ./LoRaMESH/src/core/LoRaMESH.o
                0x080048ec                LoRaMESH::receivePacketCommand(unsigned short*, unsigned char*, unsigned char*, unsigned char*, unsigned long, unsigned long)
 .text._ZN8LoRaMESH9localReadEv
                0x08004a20      0x112 ./LoRaMESH/src/core/LoRaMESH.o
                0x08004a20                LoRaMESH::localRead()
 .text._ZN8LoRaMESH12setNetworkIDEt
                0x08004b32      0x150 ./LoRaMESH/src/core/LoRaMESH.o
                0x08004b32                LoRaMESH::setNetworkID(unsigned short)
 .text._ZN8LoRaMESH11setPasswordEm
                0x08004c82      0x108 ./LoRaMESH/src/core/LoRaMESH.o
                0x08004c82                LoRaMESH::setPassword(unsigned long)
 .text._ZN8LoRaMESH6getBPSEb
                0x08004d8a       0xe4 ./LoRaMESH/src/core/LoRaMESH.o
                0x08004d8a                LoRaMESH::getBPS(bool)
 .text._ZN8LoRaMESH8getClassEb
                0x08004e6e       0xe8 ./LoRaMESH/src/core/LoRaMESH.o
                0x08004e6e                LoRaMESH::getClass(bool)
 .text._ZN8LoRaMESH6setBPSEhhh
                0x08004f56      0x104 ./LoRaMESH/src/core/LoRaMESH.o
                0x08004f56                LoRaMESH::setBPS(unsigned char, unsigned char, unsigned char)
 .text._ZN8LoRaMESH8setClassEhh
                0x0800505a       0xca ./LoRaMESH/src/core/LoRaMESH.o
                0x0800505a                LoRaMESH::setClass(unsigned char, unsigned char)
 .text._ZN8LoRaMESH12digitalWriteEshh
                0x08005124      0x10c ./LoRaMESH/src/core/LoRaMESH.o
                0x08005124                LoRaMESH::digitalWrite(short, unsigned char, unsigned char)
 .text._ZdlPvj  0x08005230        0x4 /home/gustavo/st/stm32cubeide_1.19.0/plugins/com.st.stm32cube.ide.mcu.externaltools.gnu-tools-for-stm32.13.3.rel1.linux64_1.0.0.202410170706/tools/bin/../lib/gcc/arm-none-eabi/13.3.1/../../../../arm-none-eabi/lib/thumb/v7e-m+fp/hard/libstdc++_nano.a(del_ops.o)
                0x08005230                operator delete(void*, unsigned int)
 .text._ZdlPv   0x08005234        0x4 /home/gustavo/st/stm32cubeide_1.19.0/plugins/com.st.stm32cube.ide.mcu.externaltools.gnu-tools-for-stm32.13.3.rel1.linux64_1.0.0.202410170706/tools/bin/../lib/gcc/arm-none-eabi/13.3.1/../../../../arm-none-eabi/lib/thumb/v7e-m+fp/hard/libstdc++_nano.a(del_op.o)
                0x08005234                operator delete(void*)
 .text.malloc   0x08005238       0x10 /home/gustavo/st/stm32cubeide_1.19.0/plugins/com.st.stm32cube.ide.mcu.externaltools.gnu-tools-for-stm32.13.3.rel1.linux64_1.0.0.202410170706/tools/bin/../lib/gcc/arm-none-eabi/13.3.1/../../../../arm-none-eabi/lib/thumb/v7e-m+fp/hard/libc_nano.a(libc_a-malloc.o)
                0x08005238                malloc
 .text.free     0x08005248       0x10 /home/gustavo/st/stm32cubeide_1.19.0/plugins/com.st.stm32cube.ide.mcu.externaltools.gnu-tools-for-stm32.13.3.rel1.linux64_1.0.0.202410170706/tools/bin/../lib/gcc/arm-none-eabi/13.3.1/../../../../arm-none-eabi/lib/thumb/v7e-m+fp/hard/libc_nano.a(libc_a-malloc.o)
                0x08005248                free
 .text.sbrk_aligned
                0x08005258       0x44 /home/gustavo/st/stm32cubeide_1.19.0/plugins/com.st.stm32cube.ide.mcu.externaltools.gnu-tools-for-stm32.13.3.rel1.linux64_1.0.0.202410170706/tools/bin/../lib/gcc/arm-none-eabi/13.3.1/../../../../arm-none-eabi/lib/thumb/v7e-m+fp/hard/libc_nano.a(libc_a-mallocr.o)
 .text._malloc_r
                0x0800529c      0x100 /home/gustavo/st/stm32cubeide_1.19.0/plugins/com.st.stm32cube.ide.mcu.externaltools.gnu-tools-for-stm32.13.3.rel1.linux64_1.0.0.202410170706/tools/bin/../lib/gcc/arm-none-eabi/13.3.1/../../../../arm-none-eabi/lib/thumb/v7e-m+fp/hard/libc_nano.a(libc_a-mallocr.o)
                0x0800529c                _malloc_r
 .text.__malloc_lock
                0x0800539c        0xc /home/gustavo/st/stm32cubeide_1.19.0/plugins/com.st.stm32cube.ide.mcu.externaltools.gnu-tools-for-stm32.13.3.rel1.linux64_1.0.0.202410170706/tools/bin/../lib/gcc/arm-none-eabi/13.3.1/../../../../arm-none-eabi/lib/thumb/v7e-m+fp/hard/libc_nano.a(libc_a-mlock.o)
                0x0800539c                __malloc_lock
 .text.__malloc_unlock
                0x080053a8        0xc /home/gustavo/st/stm32cubeide_1.19.0/plugins/com.st.stm32cube.ide.mcu.externaltools.gnu-tools-for-stm32.13.3.rel1.linux64_1.0.0.202410170706/tools/bin/../lib/gcc/arm-none-eabi/13.3.1/../../../../arm-none-eabi/lib/thumb/v7e-m+fp/hard/libc_nano.a(libc_a-mlock.o)
                0x080053a8                __malloc_unlock
 .text.srand    0x080053b4       0x5c /home/gustavo/st/stm32cubeide_1.19.0/plugins/com.st.stm32cube.ide.mcu.externaltools.gnu-tools-for-stm32.13.3.rel1.linux64_1.0.0.202410170706/tools/bin/../lib/gcc/arm-none-eabi/13.3.1/../../../../arm-none-eabi/lib/thumb/v7e-m+fp/hard/libc_nano.a(libc_a-rand.o)
                0x080053b4                srand
 .text.rand     0x08005410       0x7c /home/gustavo/st/stm32cubeide_1.19.0/plugins/com.st.stm32cube.ide.mcu.externaltools.gnu-tools-for-stm32.13.3.rel1.linux64_1.0.0.202410170706/tools/bin/../lib/gcc/arm-none-eabi/13.3.1/../../../../arm-none-eabi/lib/thumb/v7e-m+fp/hard/libc_nano.a(libc_a-rand.o)
                0x08005410                rand
 .text.std      0x0800548c       0x6c /home/gustavo/st/stm32cubeide_1.19.0/plugins/com.st.stm32cube.ide.mcu.externaltools.gnu-tools-for-stm32.13.3.rel1.linux64_1.0.0.202410170706/tools/bin/../lib/gcc/arm-none-eabi/13.3.1/../../../../arm-none-eabi/lib/thumb/v7e-m+fp/hard/libc_nano.a(libc_a-findfp.o)
 .text.stdio_exit_handler
                0x080054f8       0x18 /home/gustavo/st/stm32cubeide_1.19.0/plugins/com.st.stm32cube.ide.mcu.externaltools.gnu-tools-for-stm32.13.3.rel1.linux64_1.0.0.202410170706/tools/bin/../lib/gcc/arm-none-eabi/13.3.1/../../../../arm-none-eabi/lib/thumb/v7e-m+fp/hard/libc_nano.a(libc_a-findfp.o)
 .text.cleanup_stdio
                0x08005510       0x40 /home/gustavo/st/stm32cubeide_1.19.0/plugins/com.st.stm32cube.ide.mcu.externaltools.gnu-tools-for-stm32.13.3.rel1.linux64_1.0.0.202410170706/tools/bin/../lib/gcc/arm-none-eabi/13.3.1/../../../../arm-none-eabi/lib/thumb/v7e-m+fp/hard/libc_nano.a(libc_a-findfp.o)
 .text.global_stdio_init.part.0
                0x08005550       0x3c /home/gustavo/st/stm32cubeide_1.19.0/plugins/com.st.stm32cube.ide.mcu.externaltools.gnu-tools-for-stm32.13.3.rel1.linux64_1.0.0.202410170706/tools/bin/../lib/gcc/arm-none-eabi/13.3.1/../../../../arm-none-eabi/lib/thumb/v7e-m+fp/hard/libc_nano.a(libc_a-findfp.o)
 .text.__sfp_lock_acquire
                0x0800558c        0xc /home/gustavo/st/stm32cubeide_1.19.0/plugins/com.st.stm32cube.ide.mcu.externaltools.gnu-tools-for-stm32.13.3.rel1.linux64_1.0.0.202410170706/tools/bin/../lib/gcc/arm-none-eabi/13.3.1/../../../../arm-none-eabi/lib/thumb/v7e-m+fp/hard/libc_nano.a(libc_a-findfp.o)
                0x0800558c                __sfp_lock_acquire
 .text.__sfp_lock_release
                0x08005598        0xc /home/gustavo/st/stm32cubeide_1.19.0/plugins/com.st.stm32cube.ide.mcu.externaltools.gnu-tools-for-stm32.13.3.rel1.linux64_1.0.0.202410170706/tools/bin/../lib/gcc/arm-none-eabi/13.3.1/../../../../arm-none-eabi/lib/thumb/v7e-m+fp/hard/libc_nano.a(libc_a-findfp.o)
                0x08005598                __sfp_lock_release
 .text.__sinit  0x080055a4       0x30 /home/gustavo/st/stm32cubeide_1.19.0/plugins/com.st.stm32cube.ide.mcu.externaltools.gnu-tools-for-stm32.13.3.rel1.linux64_1.0.0.202410170706/tools/bin/../lib/gcc/arm-none-eabi/13.3.1/../../../../arm-none-eabi/lib/thumb/v7e-m+fp/hard/libc_nano.a(libc_a-findfp.o)
                0x080055a4                __sinit
 .text._fwalk_sglue
                0x080055d4       0x3c /home/gustavo/st/stm32cubeide_1.19.0/plugins/com.st.stm32cube.ide.mcu.externaltools.gnu-tools-for-stm32.13.3.rel1.linux64_1.0.0.202410170706/tools/bin/../lib/gcc/arm-none-eabi/13.3.1/../../../../arm-none-eabi/lib/thumb/v7e-m+fp/hard/libc_nano.a(libc_a-fwalk.o)
                0x080055d4                _fwalk_sglue
 .text.snprintf
                0x08005610       0x6c /home/gustavo/st/stm32cubeide_1.19.0/plugins/com.st.stm32cube.ide.mcu.externaltools.gnu-tools-for-stm32.13.3.rel1.linux64_1.0.0.202410170706/tools/bin/../lib/gcc/arm-none-eabi/13.3.1/../../../../arm-none-eabi/lib/thumb/v7e-m+fp/hard/libc_nano.a(libc_a-snprintf.o)
                0x08005610                snprintf
                0x08005610                sniprintf
 .text.__sread  0x0800567c       0x22 /home/gustavo/st/stm32cubeide_1.19.0/plugins/com.st.stm32cube.ide.mcu.externaltools.gnu-tools-for-stm32.13.3.rel1.linux64_1.0.0.202410170706/tools/bin/../lib/gcc/arm-none-eabi/13.3.1/../../../../arm-none-eabi/lib/thumb/v7e-m+fp/hard/libc_nano.a(libc_a-stdio.o)
                0x0800567c                __sread
 .text.__swrite
                0x0800569e       0x38 /home/gustavo/st/stm32cubeide_1.19.0/plugins/com.st.stm32cube.ide.mcu.externaltools.gnu-tools-for-stm32.13.3.rel1.linux64_1.0.0.202410170706/tools/bin/../lib/gcc/arm-none-eabi/13.3.1/../../../../arm-none-eabi/lib/thumb/v7e-m+fp/hard/libc_nano.a(libc_a-stdio.o)
                0x0800569e                __swrite
 .text.__sseek  0x080056d6       0x24 /home/gustavo/st/stm32cubeide_1.19.0/plugins/com.st.stm32cube.ide.mcu.externaltools.gnu-tools-for-stm32.13.3.rel1.linux64_1.0.0.202410170706/tools/bin/../lib/gcc/arm-none-eabi/13.3.1/../../../../arm-none-eabi/lib/thumb/v7e-m+fp/hard/libc_nano.a(libc_a-stdio.o)
                0x080056d6                __sseek
 .text.__sclose
                0x080056fa        0x8 /home/gustavo/st/stm32cubeide_1.19.0/plugins/com.st.stm32cube.ide.mcu.externaltools.gnu-tools-for-stm32.13.3.rel1.linux64_1.0.0.202410170706/tools/bin/../lib/gcc/arm-none-eabi/13.3.1/../../../../arm-none-eabi/lib/thumb/v7e-m+fp/hard/libc_nano.a(libc_a-stdio.o)
                0x080056fa                __sclose
 .text.memset   0x08005702       0x10 /home/gustavo/st/stm32cubeide_1.19.0/plugins/com.st.stm32cube.ide.mcu.externaltools.gnu-tools-for-stm32.13.3.rel1.linux64_1.0.0.202410170706/tools/bin/../lib/gcc/arm-none-eabi/13.3.1/../../../../arm-none-eabi/lib/thumb/v7e-m+fp/hard/libc_nano.a(libc_a-memset.o)
                0x08005702                memset
 *fill*         0x08005712        0x2 
 .text._close_r
                0x08005714       0x20 /home/gustavo/st/stm32cubeide_1.19.0/plugins/com.st.stm32cube.ide.mcu.externaltools.gnu-tools-for-stm32.13.3.rel1.linux64_1.0.0.202410170706/tools/bin/../lib/gcc/arm-none-eabi/13.3.1/../../../../arm-none-eabi/lib/thumb/v7e-m+fp/hard/libc_nano.a(libc_a-closer.o)
                0x08005714                _close_r
 .text._lseek_r
                0x08005734       0x24 /home/gustavo/st/stm32cubeide_1.19.0/plugins/com.st.stm32cube.ide.mcu.externaltools.gnu-tools-for-stm32.13.3.rel1.linux64_1.0.0.202410170706/tools/bin/../lib/gcc/arm-none-eabi/13.3.1/../../../../arm-none-eabi/lib/thumb/v7e-m+fp/hard/libc_nano.a(libc_a-lseekr.o)
                0x08005734                _lseek_r
 .text._read_r  0x08005758       0x24 /home/gustavo/st/stm32cubeide_1.19.0/plugins/com.st.stm32cube.ide.mcu.externaltools.gnu-tools-for-stm32.13.3.rel1.linux64_1.0.0.202410170706/tools/bin/../lib/gcc/arm-none-eabi/13.3.1/../../../../arm-none-eabi/lib/thumb/v7e-m+fp/hard/libc_nano.a(libc_a-readr.o)
                0x08005758                _read_r
 .text._sbrk_r  0x0800577c       0x20 /home/gustavo/st/stm32cubeide_1.19.0/plugins/com.st.stm32cube.ide.mcu.externaltools.gnu-tools-for-stm32.13.3.rel1.linux64_1.0.0.202410170706/tools/bin/../lib/gcc/arm-none-eabi/13.3.1/../../../../arm-none-eabi/lib/thumb/v7e-m+fp/hard/libc_nano.a(libc_a-sbrkr.o)
                0x0800577c                _sbrk_r
 .text._write_r
                0x0800579c       0x24 /home/gustavo/st/stm32cubeide_1.19.0/plugins/com.st.stm32cube.ide.mcu.externaltools.gnu-tools-for-stm32.13.3.rel1.linux64_1.0.0.202410170706/tools/bin/../lib/gcc/arm-none-eabi/13.3.1/../../../../arm-none-eabi/lib/thumb/v7e-m+fp/hard/libc_nano.a(libc_a-writer.o)
                0x0800579c                _write_r
 .text.__errno  0x080057c0        0xc /home/gustavo/st/stm32cubeide_1.19.0/plugins/com.st.stm32cube.ide.mcu.externaltools.gnu-tools-for-stm32.13.3.rel1.linux64_1.0.0.202410170706/tools/bin/../lib/gcc/arm-none-eabi/13.3.1/../../../../arm-none-eabi/lib/thumb/v7e-m+fp/hard/libc_nano.a(libc_a-errno.o)
                0x080057c0                __errno
 .text.__libc_init_array
                0x080057cc       0x48 /home/gustavo/st/stm32cubeide_1.19.0/plugins/com.st.stm32cube.ide.mcu.externaltools.gnu-tools-for-stm32.13.3.rel1.linux64_1.0.0.202410170706/tools/bin/../lib/gcc/arm-none-eabi/13.3.1/../../../../arm-none-eabi/lib/thumb/v7e-m+fp/hard/libc_nano.a(libc_a-init.o)
                0x080057cc                __libc_init_array
 .text.__retarget_lock_init_recursive
                0x08005814        0x2 /home/gustavo/st/stm32cubeide_1.19.0/plugins/com.st.stm32cube.ide.mcu.externaltools.gnu-tools-for-stm32.13.3.rel1.linux64_1.0.0.202410170706/tools/bin/../lib/gcc/arm-none-eabi/13.3.1/../../../../arm-none-eabi/lib/thumb/v7e-m+fp/hard/libc_nano.a(libc_a-lock.o)
                0x08005814                __retarget_lock_init_recursive
 .text.__retarget_lock_acquire_recursive
                0x08005816        0x2 /home/gustavo/st/stm32cubeide_1.19.0/plugins/com.st.stm32cube.ide.mcu.externaltools.gnu-tools-for-stm32.13.3.rel1.linux64_1.0.0.202410170706/tools/bin/../lib/gcc/arm-none-eabi/13.3.1/../../../../arm-none-eabi/lib/thumb/v7e-m+fp/hard/libc_nano.a(libc_a-lock.o)
                0x08005816                __retarget_lock_acquire_recursive
 .text.__retarget_lock_release_recursive
                0x08005818        0x2 /home/gustavo/st/stm32cubeide_1.19.0/plugins/com.st.stm32cube.ide.mcu.externaltools.gnu-tools-for-stm32.13.3.rel1.linux64_1.0.0.202410170706/tools/bin/../lib/gcc/arm-none-eabi/13.3.1/../../../../arm-none-eabi/lib/thumb/v7e-m+fp/hard/libc_nano.a(libc_a-lock.o)
                0x08005818                __retarget_lock_release_recursive
 .text.memcpy   0x0800581a       0x1c /home/gustavo/st/stm32cubeide_1.19.0/plugins/com.st.stm32cube.ide.mcu.externaltools.gnu-tools-for-stm32.13.3.rel1.linux64_1.0.0.202410170706/tools/bin/../lib/gcc/arm-none-eabi/13.3.1/../../../../arm-none-eabi/lib/thumb/v7e-m+fp/hard/libc_nano.a(libc_a-memcpy-stub.o)
                0x0800581a                memcpy
 *fill*         0x08005836        0x2 
 .text.__assert_func
                0x08005838       0x3c /home/gustavo/st/stm32cubeide_1.19.0/plugins/com.st.stm32cube.ide.mcu.externaltools.gnu-tools-for-stm32.13.3.rel1.linux64_1.0.0.202410170706/tools/bin/../lib/gcc/arm-none-eabi/13.3.1/../../../../arm-none-eabi/lib/thumb/v7e-m+fp/hard/libc_nano.a(libc_a-assert.o)
                0x08005838                __assert_func
 .text._free_r  0x08005874       0x94 /home/gustavo/st/stm32cubeide_1.19.0/plugins/com.st.stm32cube.ide.mcu.externaltools.gnu-tools-for-stm32.13.3.rel1.linux64_1.0.0.202410170706/tools/bin/../lib/gcc/arm-none-eabi/13.3.1/../../../../arm-none-eabi/lib/thumb/v7e-m+fp/hard/libc_nano.a(libc_a-freer.o)
                0x08005874                _free_r
 .text.__ssputs_r
                0x08005908       0xb6 /home/gustavo/st/stm32cubeide_1.19.0/plugins/com.st.stm32cube.ide.mcu.externaltools.gnu-tools-for-stm32.13.3.rel1.linux64_1.0.0.202410170706/tools/bin/../lib/gcc/arm-none-eabi/13.3.1/../../../../arm-none-eabi/lib/thumb/v7e-m+fp/hard/libc_nano.a(libc_a-nano-svfprintf.o)
                0x08005908                __ssputs_r
 *fill*         0x080059be        0x2 
 .text._svfprintf_r
                0x080059c0      0x1f8 /home/gustavo/st/stm32cubeide_1.19.0/plugins/com.st.stm32cube.ide.mcu.externaltools.gnu-tools-for-stm32.13.3.rel1.linux64_1.0.0.202410170706/tools/bin/../lib/gcc/arm-none-eabi/13.3.1/../../../../arm-none-eabi/lib/thumb/v7e-m+fp/hard/libc_nano.a(libc_a-nano-svfprintf.o)
                0x080059c0                _svfprintf_r
                0x080059c0                _svfiprintf_r
 .text._printf_common
                0x08005bb8       0xda /home/gustavo/st/stm32cubeide_1.19.0/plugins/com.st.stm32cube.ide.mcu.externaltools.gnu-tools-for-stm32.13.3.rel1.linux64_1.0.0.202410170706/tools/bin/../lib/gcc/arm-none-eabi/13.3.1/../../../../arm-none-eabi/lib/thumb/v7e-m+fp/hard/libc_nano.a(libc_a-nano-vfprintf_i.o)
                0x08005bb8                _printf_common
 *fill*         0x08005c92        0x2 
 .text._printf_i
                0x08005c94      0x23c /home/gustavo/st/stm32cubeide_1.19.0/plugins/com.st.stm32cube.ide.mcu.externaltools.gnu-tools-for-stm32.13.3.rel1.linux64_1.0.0.202410170706/tools/bin/../lib/gcc/arm-none-eabi/13.3.1/../../../../arm-none-eabi/lib/thumb/v7e-m+fp/hard/libc_nano.a(libc_a-nano-vfprintf_i.o)
                0x08005c94                _printf_i
 .text.__sflush_r
                0x08005ed0      0x108 /home/gustavo/st/stm32cubeide_1.19.0/plugins/com.st.stm32cube.ide.mcu.externaltools.gnu-tools-for-stm32.13.3.rel1.linux64_1.0.0.202410170706/tools/bin/../lib/gcc/arm-none-eabi/13.3.1/../../../../arm-none-eabi/lib/thumb/v7e-m+fp/hard/libc_nano.a(libc_a-fflush.o)
                0x08005ed0                __sflush_r
 .text._fflush_r
                0x08005fd8       0x50 /home/gustavo/st/stm32cubeide_1.19.0/plugins/com.st.stm32cube.ide.mcu.externaltools.gnu-tools-for-stm32.13.3.rel1.linux64_1.0.0.202410170706/tools/bin/../lib/gcc/arm-none-eabi/13.3.1/../../../../arm-none-eabi/lib/thumb/v7e-m+fp/hard/libc_nano.a(libc_a-fflush.o)
                0x08005fd8                _fflush_r
 .text.fprintf  0x08006028       0x24 /home/gustavo/st/stm32cubeide_1.19.0/plugins/com.st.stm32cube.ide.mcu.externaltools.gnu-tools-for-stm32.13.3.rel1.linux64_1.0.0.202410170706/tools/bin/../lib/gcc/arm-none-eabi/13.3.1/../../../../arm-none-eabi/lib/thumb/v7e-m+fp/hard/libc_nano.a(libc_a-fprintf.o)
                0x08006028                fprintf
                0x08006028                fiprintf
 .text.memmove  0x0800604c       0x34 /home/gustavo/st/stm32cubeide_1.19.0/plugins/com.st.stm32cube.ide.mcu.externaltools.gnu-tools-for-stm32.13.3.rel1.linux64_1.0.0.202410170706/tools/bin/../lib/gcc/arm-none-eabi/13.3.1/../../../../arm-none-eabi/lib/thumb/v7e-m+fp/hard/libc_nano.a(libc_a-memmove.o)
                0x0800604c                memmove
 .text.abort    0x08006080        0xe /home/gustavo/st/stm32cubeide_1.19.0/plugins/com.st.stm32cube.ide.mcu.externaltools.gnu-tools-for-stm32.13.3.rel1.linux64_1.0.0.202410170706/tools/bin/../lib/gcc/arm-none-eabi/13.3.1/../../../../arm-none-eabi/lib/thumb/v7e-m+fp/hard/libc_nano.a(libc_a-abort.o)
                0x08006080                abort
 .text._realloc_r
                0x0800608e       0x5c /home/gustavo/st/stm32cubeide_1.19.0/plugins/com.st.stm32cube.ide.mcu.externaltools.gnu-tools-for-stm32.13.3.rel1.linux64_1.0.0.202410170706/tools/bin/../lib/gcc/arm-none-eabi/13.3.1/../../../../arm-none-eabi/lib/thumb/v7e-m+fp/hard/libc_nano.a(libc_a-reallocr.o)
                0x0800608e                _realloc_r
 .text.__sfputc_r
                0x080060ea       0x2e /home/gustavo/st/stm32cubeide_1.19.0/plugins/com.st.stm32cube.ide.mcu.externaltools.gnu-tools-for-stm32.13.3.rel1.linux64_1.0.0.202410170706/tools/bin/../lib/gcc/arm-none-eabi/13.3.1/../../../../arm-none-eabi/lib/thumb/v7e-m+fp/hard/libc_nano.a(libc_a-nano-vfprintf.o)
 .text.__sfputs_r
                0x08006118       0x24 /home/gustavo/st/stm32cubeide_1.19.0/plugins/com.st.stm32cube.ide.mcu.externaltools.gnu-tools-for-stm32.13.3.rel1.linux64_1.0.0.202410170706/tools/bin/../lib/gcc/arm-none-eabi/13.3.1/../../../../arm-none-eabi/lib/thumb/v7e-m+fp/hard/libc_nano.a(libc_a-nano-vfprintf.o)
                0x08006118                __sfputs_r
 .text._vfprintf_r
                0x0800613c      0x230 /home/gustavo/st/stm32cubeide_1.19.0/plugins/com.st.stm32cube.ide.mcu.externaltools.gnu-tools-for-stm32.13.3.rel1.linux64_1.0.0.202410170706/tools/bin/../lib/gcc/arm-none-eabi/13.3.1/../../../../arm-none-eabi/lib/thumb/v7e-m+fp/hard/libc_nano.a(libc_a-nano-vfprintf.o)
                0x0800613c                _vfiprintf_r
                0x0800613c                _vfprintf_r
 .text.__swbuf_r
                0x0800636c       0x7c /home/gustavo/st/stm32cubeide_1.19.0/plugins/com.st.stm32cube.ide.mcu.externaltools.gnu-tools-for-stm32.13.3.rel1.linux64_1.0.0.202410170706/tools/bin/../lib/gcc/arm-none-eabi/13.3.1/../../../../arm-none-eabi/lib/thumb/v7e-m+fp/hard/libc_nano.a(libc_a-wbuf.o)
                0x0800636c                __swbuf_r
 .text.__swsetup_r
                0x080063e8       0xac /home/gustavo/st/stm32cubeide_1.19.0/plugins/com.st.stm32cube.ide.mcu.externaltools.gnu-tools-for-stm32.13.3.rel1.linux64_1.0.0.202410170706/tools/bin/../lib/gcc/arm-none-eabi/13.3.1/../../../../arm-none-eabi/lib/thumb/v7e-m+fp/hard/libc_nano.a(libc_a-wsetup.o)
                0x080063e8                __swsetup_r
 .text._raise_r
                0x08006494       0x50 /home/gustavo/st/stm32cubeide_1.19.0/plugins/com.st.stm32cube.ide.mcu.externaltools.gnu-tools-for-stm32.13.3.rel1.linux64_1.0.0.202410170706/tools/bin/../lib/gcc/arm-none-eabi/13.3.1/../../../../arm-none-eabi/lib/thumb/v7e-m+fp/hard/libc_nano.a(libc_a-signal.o)
                0x08006494                _raise_r
 .text.raise    0x080064e4       0x10 /home/gustavo/st/stm32cubeide_1.19.0/plugins/com.st.stm32cube.ide.mcu.externaltools.gnu-tools-for-stm32.13.3.rel1.linux64_1.0.0.202410170706/tools/bin/../lib/gcc/arm-none-eabi/13.3.1/../../../../arm-none-eabi/lib/thumb/v7e-m+fp/hard/libc_nano.a(libc_a-signal.o)
                0x080064e4                raise
 .text._kill_r  0x080064f4       0x24 /home/gustavo/st/stm32cubeide_1.19.0/plugins/com.st.stm32cube.ide.mcu.externaltools.gnu-tools-for-stm32.13.3.rel1.linux64_1.0.0.202410170706/tools/bin/../lib/gcc/arm-none-eabi/13.3.1/../../../../arm-none-eabi/lib/thumb/v7e-m+fp/hard/libc_nano.a(libc_a-signalr.o)
                0x080064f4                _kill_r
 .text._getpid_r
                0x08006518        0x4 /home/gustavo/st/stm32cubeide_1.19.0/plugins/com.st.stm32cube.ide.mcu.externaltools.gnu-tools-for-stm32.13.3.rel1.linux64_1.0.0.202410170706/tools/bin/../lib/gcc/arm-none-eabi/13.3.1/../../../../arm-none-eabi/lib/thumb/v7e-m+fp/hard/libc_nano.a(libc_a-signalr.o)
                0x08006518                _getpid_r
 .text._malloc_usable_size_r
                0x0800651c       0x10 /home/gustavo/st/stm32cubeide_1.19.0/plugins/com.st.stm32cube.ide.mcu.externaltools.gnu-tools-for-stm32.13.3.rel1.linux64_1.0.0.202410170706/tools/bin/../lib/gcc/arm-none-eabi/13.3.1/../../../../arm-none-eabi/lib/thumb/v7e-m+fp/hard/libc_nano.a(libc_a-msizer.o)
                0x0800651c                _malloc_usable_size_r
 .text.__swhatbuf_r
                0x0800652c       0x4c /home/gustavo/st/stm32cubeide_1.19.0/plugins/com.st.stm32cube.ide.mcu.externaltools.gnu-tools-for-stm32.13.3.rel1.linux64_1.0.0.202410170706/tools/bin/../lib/gcc/arm-none-eabi/13.3.1/../../../../arm-none-eabi/lib/thumb/v7e-m+fp/hard/libc_nano.a(libc_a-makebuf.o)
                0x0800652c                __swhatbuf_r
 .text.__smakebuf_r
                0x08006578       0x78 /home/gustavo/st/stm32cubeide_1.19.0/plugins/com.st.stm32cube.ide.mcu.externaltools.gnu-tools-for-stm32.13.3.rel1.linux64_1.0.0.202410170706/tools/bin/../lib/gcc/arm-none-eabi/13.3.1/../../../../arm-none-eabi/lib/thumb/v7e-m+fp/hard/libc_nano.a(libc_a-makebuf.o)
                0x08006578                __smakebuf_r
 .text._fstat_r
                0x080065f0       0x24 /home/gustavo/st/stm32cubeide_1.19.0/plugins/com.st.stm32cube.ide.mcu.externaltools.gnu-tools-for-stm32.13.3.rel1.linux64_1.0.0.202410170706/tools/bin/../lib/gcc/arm-none-eabi/13.3.1/../../../../arm-none-eabi/lib/thumb/v7e-m+fp/hard/libc_nano.a(libc_a-fstatr.o)
                0x080065f0                _fstat_r
 .text._isatty_r
                0x08006614       0x20 /home/gustavo/st/stm32cubeide_1.19.0/plugins/com.st.stm32cube.ide.mcu.externaltools.gnu-tools-for-stm32.13.3.rel1.linux64_1.0.0.202410170706/tools/bin/../lib/gcc/arm-none-eabi/13.3.1/../../../../arm-none-eabi/lib/thumb/v7e-m+fp/hard/libc_nano.a(libc_a-isattyr.o)
                0x08006614                _isatty_r
 *(.glue_7)
 .glue_7        0x08006634        0x0 linker stubs
 *(.glue_7t)
 .glue_7t       0x08006634        0x0 linker stubs
 *(.eh_frame)
 .eh_frame      0x08006634        0x0 /home/gustavo/st/stm32cubeide_1.19.0/plugins/com.st.stm32cube.ide.mcu.externaltools.gnu-tools-for-stm32.13.3.rel1.linux64_1.0.0.202410170706/tools/bin/../lib/gcc/arm-none-eabi/13.3.1/thumb/v7e-m+fp/hard/crtbegin.o
 *(.init)
 .init          0x08006634        0x4 /home/gustavo/st/stm32cubeide_1.19.0/plugins/com.st.stm32cube.ide.mcu.externaltools.gnu-tools-for-stm32.13.3.rel1.linux64_1.0.0.202410170706/tools/bin/../lib/gcc/arm-none-eabi/13.3.1/thumb/v7e-m+fp/hard/crti.o
                0x08006634                _init
 .init          0x08006638        0x8 /home/gustavo/st/stm32cubeide_1.19.0/plugins/com.st.stm32cube.ide.mcu.externaltools.gnu-tools-for-stm32.13.3.rel1.linux64_1.0.0.202410170706/tools/bin/../lib/gcc/arm-none-eabi/13.3.1/thumb/v7e-m+fp/hard/crtn.o
 *(.fini)
 .fini          0x08006640        0x4 /home/gustavo/st/stm32cubeide_1.19.0/plugins/com.st.stm32cube.ide.mcu.externaltools.gnu-tools-for-stm32.13.3.rel1.linux64_1.0.0.202410170706/tools/bin/../lib/gcc/arm-none-eabi/13.3.1/thumb/v7e-m+fp/hard/crti.o
                0x08006640                _fini
 .fini          0x08006644        0x8 /home/gustavo/st/stm32cubeide_1.19.0/plugins/com.st.stm32cube.ide.mcu.externaltools.gnu-tools-for-stm32.13.3.rel1.linux64_1.0.0.202410170706/tools/bin/../lib/gcc/arm-none-eabi/13.3.1/thumb/v7e-m+fp/hard/crtn.o
                0x0800664c                        . = ALIGN (0x4)
                0x0800664c                        _etext = .

.vfp11_veneer   0x0800664c        0x0
 .vfp11_veneer  0x0800664c        0x0 linker stubs

.v4_bx          0x0800664c        0x0
 .v4_bx         0x0800664c        0x0 linker stubs

.iplt           0x0800664c        0x0
 .iplt          0x0800664c        0x0 /home/gustavo/st/stm32cubeide_1.19.0/plugins/com.st.stm32cube.ide.mcu.externaltools.gnu-tools-for-stm32.13.3.rel1.linux64_1.0.0.202410170706/tools/bin/../lib/gcc/arm-none-eabi/13.3.1/thumb/v7e-m+fp/hard/crtbegin.o

.rodata         0x0800664c      0x2b8
                0x0800664c                        . = ALIGN (0x4)
 *(.rodata)
 .rodata        0x0800664c      0x10b ./Core/Src/loramesh.o
 *fill*         0x08006757        0x1 
 .rodata        0x08006758       0x41 ./LoRaMESH/src/core/LoRaMESH.o
 *(.rodata*)
 *fill*         0x08006799        0x3 
 .rodata._ZTV21Stm32HalUartTransport
                0x0800679c       0x20 ./Core/Src/loramesh.o
                0x0800679c                vtable for Stm32HalUartTransport
 .rodata._ZTV14ILoraTransport
                0x080067bc       0x20 ./Core/Src/loramesh.o
                0x080067bc                vtable for ILoraTransport
 .rodata.AHBPrescTable
                0x080067dc       0x10 ./Core/Src/system_stm32l4xx.o
                0x080067dc                AHBPrescTable
 .rodata.APBPrescTable
                0x080067ec        0x8 ./Core/Src/system_stm32l4xx.o
                0x080067ec                APBPrescTable
 .rodata.MSIRangeTable
                0x080067f4       0x30 ./Core/Src/system_stm32l4xx.o
                0x080067f4                MSIRangeTable
 .rodata.srand.str1.1
                0x08006824       0xde /home/gustavo/st/stm32cubeide_1.19.0/plugins/com.st.stm32cube.ide.mcu.externaltools.gnu-tools-for-stm32.13.3.rel1.linux64_1.0.0.202410170706/tools/bin/../lib/gcc/arm-none-eabi/13.3.1/../../../../arm-none-eabi/lib/thumb/v7e-m+fp/hard/libc_nano.a(libc_a-rand.o)
                                 0x6f (size before relaxing)
 .rodata.__assert_func.str1.1
                0x08006902       0x3d /home/gustavo/st/stm32cubeide_1.19.0/plugins/com.st.stm32cube.ide.mcu.externaltools.gnu-tools-for-stm32.13.3.rel1.linux64_1.0.0.202410170706/tools/bin/../lib/gcc/arm-none-eabi/13.3.1/../../../../arm-none-eabi/lib/thumb/v7e-m+fp/hard/libc_nano.a(libc_a-assert.o)
 .rodata._svfprintf_r.str1.1
                0x08006902       0x11 /home/gustavo/st/stm32cubeide_1.19.0/plugins/com.st.stm32cube.ide.mcu.externaltools.gnu-tools-for-stm32.13.3.rel1.linux64_1.0.0.202410170706/tools/bin/../lib/gcc/arm-none-eabi/13.3.1/../../../../arm-none-eabi/lib/thumb/v7e-m+fp/hard/libc_nano.a(libc_a-nano-svfprintf.o)
 .rodata._printf_i.str1.1
                0x08006902       0x22 /home/gustavo/st/stm32cubeide_1.19.0/plugins/com.st.stm32cube.ide.mcu.externaltools.gnu-tools-for-stm32.13.3.rel1.linux64_1.0.0.202410170706/tools/bin/../lib/gcc/arm-none-eabi/13.3.1/../../../../arm-none-eabi/lib/thumb/v7e-m+fp/hard/libc_nano.a(libc_a-nano-vfprintf_i.o)
 .rodata._vfprintf_r.str1.1
                0x08006902       0x11 /home/gustavo/st/stm32cubeide_1.19.0/plugins/com.st.stm32cube.ide.mcu.externaltools.gnu-tools-for-stm32.13.3.rel1.linux64_1.0.0.202410170706/tools/bin/../lib/gcc/arm-none-eabi/13.3.1/../../../../arm-none-eabi/lib/thumb/v7e-m+fp/hard/libc_nano.a(libc_a-nano-vfprintf.o)
                0x08006940                        . = ALIGN (0x4)
 *fill*         0x08006902        0x2 

.ARM.extab      0x08006904        0x0
                0x08006904                        . = ALIGN (0x4)
 *(.ARM.extab* .gnu.linkonce.armextab.*)
                0x08006904                        . = ALIGN (0x4)

.ARM            0x08006904        0x8
                0x08006904                        . = ALIGN (0x4)
                0x08006904                        __exidx_start = .
 *(.ARM.exidx*)
 .ARM.exidx     0x08006904        0x8 /home/gustavo/st/stm32cubeide_1.19.0/plugins/com.st.stm32cube.ide.mcu.externaltools.gnu-tools-for-stm32.13.3.rel1.linux64_1.0.0.202410170706/tools/bin/../lib/gcc/arm-none-eabi/13.3.1/../../../../arm-none-eabi/lib/thumb/v7e-m+fp/hard/libc_nano.a(libc_a-strlen.o)
 .ARM.exidx     0x0800690c        0x0 /home/gustavo/st/stm32cubeide_1.19.0/plugins/com.st.stm32cube.ide.mcu.externaltools.gnu-tools-for-stm32.13.3.rel1.linux64_1.0.0.202410170706/tools/bin/../lib/gcc/arm-none-eabi/13.3.1/../../../../arm-none-eabi/lib/thumb/v7e-m+fp/hard/libc_nano.a(libc_a-memchr.o)
                                  0x8 (size before relaxing)
 .ARM.exidx     0x0800690c        0x0 /home/gustavo/st/stm32cubeide_1.19.0/plugins/com.st.stm32cube.ide.mcu.externaltools.gnu-tools-for-stm32.13.3.rel1.linux64_1.0.0.202410170706/tools/bin/../lib/gcc/arm-none-eabi/13.3.1/thumb/v7e-m+fp/hard/libgcc.a(_udivmoddi4.o)
                                  0x8 (size before relaxing)
                0x0800690c                        __exidx_end = .
                0x0800690c                        . = ALIGN (0x4)

.preinit_array  0x0800690c        0x0
                0x0800690c                        . = ALIGN (0x4)
                0x0800690c                        PROVIDE (__preinit_array_start = .)
 *(.preinit_array*)
                0x0800690c                        PROVIDE (__preinit_array_end = .)
                0x0800690c                        . = ALIGN (0x4)

.init_array     0x0800690c        0x8
                0x0800690c                        . = ALIGN (0x4)
                0x0800690c                        PROVIDE (__init_array_start = .)
 *(SORT_BY_NAME(.init_array.*))
 *(.init_array*)
 .init_array    0x0800690c        0x4 /home/gustavo/st/stm32cubeide_1.19.0/plugins/com.st.stm32cube.ide.mcu.externaltools.gnu-tools-for-stm32.13.3.rel1.linux64_1.0.0.202410170706/tools/bin/../lib/gcc/arm-none-eabi/13.3.1/thumb/v7e-m+fp/hard/crtbegin.o
 .init_array    0x08006910        0x4 ./Core/Src/loramesh.o
                0x08006914                        PROVIDE (__init_array_end = .)
                0x08006914                        . = ALIGN (0x4)

.fini_array     0x08006914        0x8
                0x08006914                        . = ALIGN (0x4)
                [!provide]                        PROVIDE (__fini_array_start = .)
 *(SORT_BY_NAME(.fini_array.*))
 *(.fini_array*)
 .fini_array    0x08006914        0x4 /home/gustavo/st/stm32cubeide_1.19.0/plugins/com.st.stm32cube.ide.mcu.externaltools.gnu-tools-for-stm32.13.3.rel1.linux64_1.0.0.202410170706/tools/bin/../lib/gcc/arm-none-eabi/13.3.1/thumb/v7e-m+fp/hard/crtbegin.o
 .fini_array    0x08006918        0x4 ./Core/Src/loramesh.o
                [!provide]                        PROVIDE (__fini_array_end = .)
                0x0800691c                        . = ALIGN (0x4)
                0x0800691c                        _sidata = LOADADDR (.data)

.rel.dyn        0x0800691c        0x0
 .rel.iplt      0x0800691c        0x0 /home/gustavo/st/stm32cubeide_1.19.0/plugins/com.st.stm32cube.ide.mcu.externaltools.gnu-tools-for-stm32.13.3.rel1.linux64_1.0.0.202410170706/tools/bin/../lib/gcc/arm-none-eabi/13.3.1/thumb/v7e-m+fp/hard/crtbegin.o

.data           0x20000000       0x6c load address 0x0800691c
                0x20000000                        . = ALIGN (0x4)
                0x20000000                        _sdata = .
 *(.data)
 *(.data*)
 .data.SystemCoreClock
                0x20000000        0x4 ./Core/Src/system_stm32l4xx.o
                0x20000000                SystemCoreClock
 .data.uwTickPrio
                0x20000004        0x4 ./Drivers/STM32L4xx_HAL_Driver/Src/stm32l4xx_hal.o
                0x20000004                uwTickPrio
 .data.uwTickFreq
                0x20000008        0x1 ./Drivers/STM32L4xx_HAL_Driver/Src/stm32l4xx_hal.o
                0x20000008                uwTickFreq
 *fill*         0x20000009        0x3 
 .data._ZZN8LoRaMESH10dbgHexDumpEPKcPKhjE4hexd
                0x2000000c        0x4 ./LoRaMESH/src/core/LoRaMESH.o
 .data.__sglue  0x20000010        0xc /home/gustavo/st/stm32cubeide_1.19.0/plugins/com.st.stm32cube.ide.mcu.externaltools.gnu-tools-for-stm32.13.3.rel1.linux64_1.0.0.202410170706/tools/bin/../lib/gcc/arm-none-eabi/13.3.1/../../../../arm-none-eabi/lib/thumb/v7e-m+fp/hard/libc_nano.a(libc_a-findfp.o)
                0x20000010                __sglue
 .data._impure_ptr
                0x2000001c        0x4 /home/gustavo/st/stm32cubeide_1.19.0/plugins/com.st.stm32cube.ide.mcu.externaltools.gnu-tools-for-stm32.13.3.rel1.linux64_1.0.0.202410170706/tools/bin/../lib/gcc/arm-none-eabi/13.3.1/../../../../arm-none-eabi/lib/thumb/v7e-m+fp/hard/libc_nano.a(libc_a-impure.o)
                0x2000001c                _impure_ptr
 .data._impure_data
                0x20000020       0x4c /home/gustavo/st/stm32cubeide_1.19.0/plugins/com.st.stm32cube.ide.mcu.externaltools.gnu-tools-for-stm32.13.3.rel1.linux64_1.0.0.202410170706/tools/bin/../lib/gcc/arm-none-eabi/13.3.1/../../../../arm-none-eabi/lib/thumb/v7e-m+fp/hard/libc_nano.a(libc_a-impure.o)
                0x20000020                _impure_data
 *(.RamFunc)
 *(.RamFunc*)
                0x2000006c                        . = ALIGN (0x4)
                0x2000006c                        _edata = .

.igot.plt       0x2000006c        0x0 load address 0x08006988
 .igot.plt      0x2000006c        0x0 /home/gustavo/st/stm32cubeide_1.19.0/plugins/com.st.stm32cube.ide.mcu.externaltools.gnu-tools-for-stm32.13.3.rel1.linux64_1.0.0.202410170706/tools/bin/../lib/gcc/arm-none-eabi/13.3.1/thumb/v7e-m+fp/hard/crtbegin.o
                0x2000006c                        . = ALIGN (0x4)

.bss            0x2000006c      0x5bc load address 0x08006988
                0x2000006c                        _sbss = .
                0x2000006c                        __bss_start__ = _sbss
 *(.bss)
 .bss           0x2000006c       0x1c /home/gustavo/st/stm32cubeide_1.19.0/plugins/com.st.stm32cube.ide.mcu.externaltools.gnu-tools-for-stm32.13.3.rel1.linux64_1.0.0.202410170706/tools/bin/../lib/gcc/arm-none-eabi/13.3.1/thumb/v7e-m+fp/hard/crtbegin.o
 *(.bss*)
 .bss._ZL2ID    0x20000088        0x1 ./Core/Src/loramesh.o
 *fill*         0x20000089        0x3 
 .bss._ZL10g_loraRxRb
                0x2000008c      0x104 ./Core/Src/loramesh.o
 .bss._ZL12g_loraRxByte
                0x20000190        0x1 ./Core/Src/loramesh.o
 *fill*         0x20000191        0x3 
 .bss._ZL12transportCmd
                0x20000194       0x14 ./Core/Src/loramesh.o
 .bss._ZL4lora  0x200001a8      0x214 ./Core/Src/loramesh.o
 .bss._ZZ13loramesh_loopE5state
                0x200003bc        0x1 ./Core/Src/loramesh.o
 *fill*         0x200003bd        0x3 
 .bss._ZZ13loramesh_loopE8lastTick
                0x200003c0        0x4 ./Core/Src/loramesh.o
 .bss.huart1    0x200003c4       0x88 ./Core/Src/main.o
                0x200003c4                huart1
 .bss.huart2    0x2000044c       0x88 ./Core/Src/main.o
                0x2000044c                huart2
 .bss.__sbrk_heap_end
                0x200004d4        0x4 ./Core/Src/sysmem.o
 .bss.uwTick    0x200004d8        0x4 ./Drivers/STM32L4xx_HAL_Driver/Src/stm32l4xx_hal.o
                0x200004d8                uwTick
 .bss.__malloc_sbrk_start
                0x200004dc        0x4 /home/gustavo/st/stm32cubeide_1.19.0/plugins/com.st.stm32cube.ide.mcu.externaltools.gnu-tools-for-stm32.13.3.rel1.linux64_1.0.0.202410170706/tools/bin/../lib/gcc/arm-none-eabi/13.3.1/../../../../arm-none-eabi/lib/thumb/v7e-m+fp/hard/libc_nano.a(libc_a-mallocr.o)
                0x200004dc                __malloc_sbrk_start
 .bss.__malloc_free_list
                0x200004e0        0x4 /home/gustavo/st/stm32cubeide_1.19.0/plugins/com.st.stm32cube.ide.mcu.externaltools.gnu-tools-for-stm32.13.3.rel1.linux64_1.0.0.202410170706/tools/bin/../lib/gcc/arm-none-eabi/13.3.1/../../../../arm-none-eabi/lib/thumb/v7e-m+fp/hard/libc_nano.a(libc_a-mallocr.o)
                0x200004e0                __malloc_free_list
 .bss.__sf      0x200004e4      0x138 /home/gustavo/st/stm32cubeide_1.19.0/plugins/com.st.stm32cube.ide.mcu.externaltools.gnu-tools-for-stm32.13.3.rel1.linux64_1.0.0.202410170706/tools/bin/../lib/gcc/arm-none-eabi/13.3.1/../../../../arm-none-eabi/lib/thumb/v7e-m+fp/hard/libc_nano.a(libc_a-findfp.o)
                0x200004e4                __sf
 .bss.__stdio_exit_handler
                0x2000061c        0x4 /home/gustavo/st/stm32cubeide_1.19.0/plugins/com.st.stm32cube.ide.mcu.externaltools.gnu-tools-for-stm32.13.3.rel1.linux64_1.0.0.202410170706/tools/bin/../lib/gcc/arm-none-eabi/13.3.1/../../../../arm-none-eabi/lib/thumb/v7e-m+fp/hard/libc_nano.a(libc_a-findfp.o)
                0x2000061c                __stdio_exit_handler
 .bss.errno     0x20000620        0x4 /home/gustavo/st/stm32cubeide_1.19.0/plugins/com.st.stm32cube.ide.mcu.externaltools.gnu-tools-for-stm32.13.3.rel1.linux64_1.0.0.202410170706/tools/bin/../lib/gcc/arm-none-eabi/13.3.1/../../../../arm-none-eabi/lib/thumb/v7e-m+fp/hard/libc_nano.a(libc_a-reent.o)
                0x20000620                errno
 .bss.__lock___malloc_recursive_mutex
                0x20000624        0x1 /home/gustavo/st/stm32cubeide_1.19.0/plugins/com.st.stm32cube.ide.mcu.externaltools.gnu-tools-for-stm32.13.3.rel1.linux64_1.0.0.202410170706/tools/bin/../lib/gcc/arm-none-eabi/13.3.1/../../../../arm-none-eabi/lib/thumb/v7e-m+fp/hard/libc_nano.a(libc_a-lock.o)
                0x20000624                __lock___malloc_recursive_mutex
 .bss.__lock___sfp_recursive_mutex
                0x20000625        0x1 /home/gustavo/st/stm32cubeide_1.19.0/plugins/com.st.stm32cube.ide.mcu.externaltools.gnu-tools-for-stm32.13.3.rel1.linux64_1.0.0.202410170706/tools/bin/../lib/gcc/arm-none-eabi/13.3.1/../../../../arm-none-eabi/lib/thumb/v7e-m+fp/hard/libc_nano.a(libc_a-lock.o)
                0x20000625                __lock___sfp_recursive_mutex
 *(COMMON)
                0x20000628                        . = ALIGN (0x4)
 *fill*         0x20000626        0x2 
                0x20000628                        _ebss = .
                0x20000628                        __bss_end__ = _ebss

._user_heap_stack
                0x20000628      0x600 load address 0x08006988
                0x20000628                        . = ALIGN (0x8)
                [!provide]                        PROVIDE (end = .)
                0x20000628                        PROVIDE (_end = .)
                0x20000828                        . = (. + _Min_Heap_Size)
 *fill*         0x20000628      0x200 
                0x20000c28                        . = (. + _Min_Stack_Size)
 *fill*         0x20000828      0x400 
                0x20000c28                        . = ALIGN (0x8)

/DISCARD/
 libc.a(*)
 libm.a(*)
 libgcc.a(*)

.ARM.attributes
                0x00000000       0x30
 *(.ARM.attributes)
 .ARM.attributes
                0x00000000       0x22 /home/gustavo/st/stm32cubeide_1.19.0/plugins/com.st.stm32cube.ide.mcu.externaltools.gnu-tools-for-stm32.13.3.rel1.linux64_1.0.0.202410170706/tools/bin/../lib/gcc/arm-none-eabi/13.3.1/thumb/v7e-m+fp/hard/crti.o
 .ARM.attributes
                0x00000022       0x34 /home/gustavo/st/stm32cubeide_1.19.0/plugins/com.st.stm32cube.ide.mcu.externaltools.gnu-tools-for-stm32.13.3.rel1.linux64_1.0.0.202410170706/tools/bin/../lib/gcc/arm-none-eabi/13.3.1/thumb/v7e-m+fp/hard/crtbegin.o
 .ARM.attributes
                0x00000056       0x34 ./Core/Src/loramesh.o
 .ARM.attributes
                0x0000008a       0x34 ./Core/Src/main.o
 .ARM.attributes
                0x000000be       0x34 ./Core/Src/stm32l4xx_hal_msp.o
 .ARM.attributes
                0x000000f2       0x34 ./Core/Src/stm32l4xx_it.o
 .ARM.attributes
                0x00000126       0x34 ./Core/Src/syscalls.o
 .ARM.attributes
                0x0000015a       0x34 ./Core/Src/sysmem.o
 .ARM.attributes
                0x0000018e       0x34 ./Core/Src/system_stm32l4xx.o
 .ARM.attributes
                0x000001c2       0x21 ./Core/Startup/startup_stm32l412kbux.o
 .ARM.attributes
                0x000001e3       0x34 ./Drivers/STM32L4xx_HAL_Driver/Src/stm32l4xx_hal.o
 .ARM.attributes
                0x00000217       0x34 ./Drivers/STM32L4xx_HAL_Driver/Src/stm32l4xx_hal_cortex.o
 .ARM.attributes
                0x0000024b       0x34 ./Drivers/STM32L4xx_HAL_Driver/Src/stm32l4xx_hal_dma.o
 .ARM.attributes
                0x0000027f       0x34 ./Drivers/STM32L4xx_HAL_Driver/Src/stm32l4xx_hal_gpio.o
 .ARM.attributes
                0x000002b3       0x34 ./Drivers/STM32L4xx_HAL_Driver/Src/stm32l4xx_hal_pwr.o
 .ARM.attributes
                0x000002e7       0x34 ./Drivers/STM32L4xx_HAL_Driver/Src/stm32l4xx_hal_pwr_ex.o
 .ARM.attributes
                0x0000031b       0x34 ./Drivers/STM32L4xx_HAL_Driver/Src/stm32l4xx_hal_rcc.o
 .ARM.attributes
                0x0000034f       0x34 ./Drivers/STM32L4xx_HAL_Driver/Src/stm32l4xx_hal_rcc_ex.o
 .ARM.attributes
                0x00000383       0x34 ./Drivers/STM32L4xx_HAL_Driver/Src/stm32l4xx_hal_uart.o
 .ARM.attributes
                0x000003b7       0x34 ./Drivers/STM32L4xx_HAL_Driver/Src/stm32l4xx_hal_uart_ex.o
 .ARM.attributes
                0x000003eb       0x34 ./LoRaMESH/src/core/LoRaMESH.o
 .ARM.attributes
                0x0000041f       0x34 /home/gustavo/st/stm32cubeide_1.19.0/plugins/com.st.stm32cube.ide.mcu.externaltools.gnu-tools-for-stm32.13.3.rel1.linux64_1.0.0.202410170706/tools/bin/../lib/gcc/arm-none-eabi/13.3.1/../../../../arm-none-eabi/lib/thumb/v7e-m+fp/hard/libstdc++_nano.a(del_ops.o)
 .ARM.attributes
                0x00000453       0x34 /home/gustavo/st/stm32cubeide_1.19.0/plugins/com.st.stm32cube.ide.mcu.externaltools.gnu-tools-for-stm32.13.3.rel1.linux64_1.0.0.202410170706/tools/bin/../lib/gcc/arm-none-eabi/13.3.1/../../../../arm-none-eabi/lib/thumb/v7e-m+fp/hard/libstdc++_nano.a(del_op.o)
 .ARM.attributes
                0x00000487       0x34 /home/gustavo/st/stm32cubeide_1.19.0/plugins/com.st.stm32cube.ide.mcu.externaltools.gnu-tools-for-stm32.13.3.rel1.linux64_1.0.0.202410170706/tools/bin/../lib/gcc/arm-none-eabi/13.3.1/../../../../arm-none-eabi/lib/thumb/v7e-m+fp/hard/libc_nano.a(libc_a-malloc.o)
 .ARM.attributes
                0x000004bb       0x34 /home/gustavo/st/stm32cubeide_1.19.0/plugins/com.st.stm32cube.ide.mcu.externaltools.gnu-tools-for-stm32.13.3.rel1.linux64_1.0.0.202410170706/tools/bin/../lib/gcc/arm-none-eabi/13.3.1/../../../../arm-none-eabi/lib/thumb/v7e-m+fp/hard/libc_nano.a(libc_a-mallocr.o)
 .ARM.attributes
                0x000004ef       0x34 /home/gustavo/st/stm32cubeide_1.19.0/plugins/com.st.stm32cube.ide.mcu.externaltools.gnu-tools-for-stm32.13.3.rel1.linux64_1.0.0.202410170706/tools/bin/../lib/gcc/arm-none-eabi/13.3.1/../../../../arm-none-eabi/lib/thumb/v7e-m+fp/hard/libc_nano.a(libc_a-mlock.o)
 .ARM.attributes
                0x00000523       0x34 /home/gustavo/st/stm32cubeide_1.19.0/plugins/com.st.stm32cube.ide.mcu.externaltools.gnu-tools-for-stm32.13.3.rel1.linux64_1.0.0.202410170706/tools/bin/../lib/gcc/arm-none-eabi/13.3.1/../../../../arm-none-eabi/lib/thumb/v7e-m+fp/hard/libc_nano.a(libc_a-rand.o)
 .ARM.attributes
                0x00000557       0x34 /home/gustavo/st/stm32cubeide_1.19.0/plugins/com.st.stm32cube.ide.mcu.externaltools.gnu-tools-for-stm32.13.3.rel1.linux64_1.0.0.202410170706/tools/bin/../lib/gcc/arm-none-eabi/13.3.1/../../../../arm-none-eabi/lib/thumb/v7e-m+fp/hard/libc_nano.a(libc_a-findfp.o)
 .ARM.attributes
                0x0000058b       0x34 /home/gustavo/st/stm32cubeide_1.19.0/plugins/com.st.stm32cube.ide.mcu.externaltools.gnu-tools-for-stm32.13.3.rel1.linux64_1.0.0.202410170706/tools/bin/../lib/gcc/arm-none-eabi/13.3.1/../../../../arm-none-eabi/lib/thumb/v7e-m+fp/hard/libc_nano.a(libc_a-fwalk.o)
 .ARM.attributes
                0x000005bf       0x34 /home/gustavo/st/stm32cubeide_1.19.0/plugins/com.st.stm32cube.ide.mcu.externaltools.gnu-tools-for-stm32.13.3.rel1.linux64_1.0.0.202410170706/tools/bin/../lib/gcc/arm-none-eabi/13.3.1/../../../../arm-none-eabi/lib/thumb/v7e-m+fp/hard/libc_nano.a(libc_a-snprintf.o)
 .ARM.attributes
                0x000005f3       0x34 /home/gustavo/st/stm32cubeide_1.19.0/plugins/com.st.stm32cube.ide.mcu.externaltools.gnu-tools-for-stm32.13.3.rel1.linux64_1.0.0.202410170706/tools/bin/../lib/gcc/arm-none-eabi/13.3.1/../../../../arm-none-eabi/lib/thumb/v7e-m+fp/hard/libc_nano.a(libc_a-stdio.o)
 .ARM.attributes
                0x00000627       0x34 /home/gustavo/st/stm32cubeide_1.19.0/plugins/com.st.stm32cube.ide.mcu.externaltools.gnu-tools-for-stm32.13.3.rel1.linux64_1.0.0.202410170706/tools/bin/../lib/gcc/arm-none-eabi/13.3.1/../../../../arm-none-eabi/lib/thumb/v7e-m+fp/hard/libc_nano.a(libc_a-memset.o)
 .ARM.attributes
                0x0000065b       0x34 /home/gustavo/st/stm32cubeide_1.19.0/plugins/com.st.stm32cube.ide.mcu.externaltools.gnu-tools-for-stm32.13.3.rel1.linux64_1.0.0.202410170706/tools/bin/../lib/gcc/arm-none-eabi/13.3.1/../../../../arm-none-eabi/lib/thumb/v7e-m+fp/hard/libc_nano.a(libc_a-closer.o)
 .ARM.attributes
                0x0000068f       0x34 /home/gustavo/st/stm32cubeide_1.19.0/plugins/com.st.stm32cube.ide.mcu.externaltools.gnu-tools-for-stm32.13.3.rel1.linux64_1.0.0.202410170706/tools/bin/../lib/gcc/arm-none-eabi/13.3.1/../../../../arm-none-eabi/lib/thumb/v7e-m+fp/hard/libc_nano.a(libc_a-reent.o)
 .ARM.attributes
                0x000006c3       0x34 /home/gustavo/st/stm32cubeide_1.19.0/plugins/com.st.stm32cube.ide.mcu.externaltools.gnu-tools-for-stm32.13.3.rel1.linux64_1.0.0.202410170706/tools/bin/../lib/gcc/arm-none-eabi/13.3.1/../../../../arm-none-eabi/lib/thumb/v7e-m+fp/hard/libc_nano.a(libc_a-impure.o)
 .ARM.attributes
                0x000006f7       0x34 /home/gustavo/st/stm32cubeide_1.19.0/plugins/com.st.stm32cube.ide.mcu.externaltools.gnu-tools-for-stm32.13.3.rel1.linux64_1.0.0.202410170706/tools/bin/../lib/gcc/arm-none-eabi/13.3.1/../../../../arm-none-eabi/lib/thumb/v7e-m+fp/hard/libc_nano.a(libc_a-lseekr.o)
 .ARM.attributes
                0x0000072b       0x34 /home/gustavo/st/stm32cubeide_1.19.0/plugins/com.st.stm32cube.ide.mcu.externaltools.gnu-tools-for-stm32.13.3.rel1.linux64_1.0.0.202410170706/tools/bin/../lib/gcc/arm-none-eabi/13.3.1/../../../../arm-none-eabi/lib/thumb/v7e-m+fp/hard/libc_nano.a(libc_a-readr.o)
 .ARM.attributes
                0x0000075f       0x34 /home/gustavo/st/stm32cubeide_1.19.0/plugins/com.st.stm32cube.ide.mcu.externaltools.gnu-tools-for-stm32.13.3.rel1.linux64_1.0.0.202410170706/tools/bin/../lib/gcc/arm-none-eabi/13.3.1/../../../../arm-none-eabi/lib/thumb/v7e-m+fp/hard/libc_nano.a(libc_a-sbrkr.o)
 .ARM.attributes
                0x00000793       0x34 /home/gustavo/st/stm32cubeide_1.19.0/plugins/com.st.stm32cube.ide.mcu.externaltools.gnu-tools-for-stm32.13.3.rel1.linux64_1.0.0.202410170706/tools/bin/../lib/gcc/arm-none-eabi/13.3.1/../../../../arm-none-eabi/lib/thumb/v7e-m+fp/hard/libc_nano.a(libc_a-writer.o)
 .ARM.attributes
                0x000007c7       0x34 /home/gustavo/st/stm32cubeide_1.19.0/plugins/com.st.stm32cube.ide.mcu.externaltools.gnu-tools-for-stm32.13.3.rel1.linux64_1.0.0.202410170706/tools/bin/../lib/gcc/arm-none-eabi/13.3.1/../../../../arm-none-eabi/lib/thumb/v7e-m+fp/hard/libc_nano.a(libc_a-errno.o)
 .ARM.attributes
                0x000007fb       0x34 /home/gustavo/st/stm32cubeide_1.19.0/plugins/com.st.stm32cube.ide.mcu.externaltools.gnu-tools-for-stm32.13.3.rel1.linux64_1.0.0.202410170706/tools/bin/../lib/gcc/arm-none-eabi/13.3.1/../../../../arm-none-eabi/lib/thumb/v7e-m+fp/hard/libc_nano.a(libc_a-init.o)
 .ARM.attributes
                0x0000082f       0x34 /home/gustavo/st/stm32cubeide_1.19.0/plugins/com.st.stm32cube.ide.mcu.externaltools.gnu-tools-for-stm32.13.3.rel1.linux64_1.0.0.202410170706/tools/bin/../lib/gcc/arm-none-eabi/13.3.1/../../../../arm-none-eabi/lib/thumb/v7e-m+fp/hard/libc_nano.a(libc_a-lock.o)
 .ARM.attributes
                0x00000863       0x34 /home/gustavo/st/stm32cubeide_1.19.0/plugins/com.st.stm32cube.ide.mcu.externaltools.gnu-tools-for-stm32.13.3.rel1.linux64_1.0.0.202410170706/tools/bin/../lib/gcc/arm-none-eabi/13.3.1/../../../../arm-none-eabi/lib/thumb/v7e-m+fp/hard/libc_nano.a(libc_a-memcpy-stub.o)
 .ARM.attributes
                0x00000897       0x17 /home/gustavo/st/stm32cubeide_1.19.0/plugins/com.st.stm32cube.ide.mcu.externaltools.gnu-tools-for-stm32.13.3.rel1.linux64_1.0.0.202410170706/tools/bin/../lib/gcc/arm-none-eabi/13.3.1/../../../../arm-none-eabi/lib/thumb/v7e-m+fp/hard/libc_nano.a(libc_a-strlen.o)
 .ARM.attributes
                0x000008ae       0x34 /home/gustavo/st/stm32cubeide_1.19.0/plugins/com.st.stm32cube.ide.mcu.externaltools.gnu-tools-for-stm32.13.3.rel1.linux64_1.0.0.202410170706/tools/bin/../lib/gcc/arm-none-eabi/13.3.1/../../../../arm-none-eabi/lib/thumb/v7e-m+fp/hard/libc_nano.a(libc_a-assert.o)
 .ARM.attributes
                0x000008e2       0x34 /home/gustavo/st/stm32cubeide_1.19.0/plugins/com.st.stm32cube.ide.mcu.externaltools.gnu-tools-for-stm32.13.3.rel1.linux64_1.0.0.202410170706/tools/bin/../lib/gcc/arm-none-eabi/13.3.1/../../../../arm-none-eabi/lib/thumb/v7e-m+fp/hard/libc_nano.a(libc_a-freer.o)
 .ARM.attributes
                0x00000916       0x34 /home/gustavo/st/stm32cubeide_1.19.0/plugins/com.st.stm32cube.ide.mcu.externaltools.gnu-tools-for-stm32.13.3.rel1.linux64_1.0.0.202410170706/tools/bin/../lib/gcc/arm-none-eabi/13.3.1/../../../../arm-none-eabi/lib/thumb/v7e-m+fp/hard/libc_nano.a(libc_a-nano-svfprintf.o)
 .ARM.attributes
                0x0000094a       0x34 /home/gustavo/st/stm32cubeide_1.19.0/plugins/com.st.stm32cube.ide.mcu.externaltools.gnu-tools-for-stm32.13.3.rel1.linux64_1.0.0.202410170706/tools/bin/../lib/gcc/arm-none-eabi/13.3.1/../../../../arm-none-eabi/lib/thumb/v7e-m+fp/hard/libc_nano.a(libc_a-nano-vfprintf_i.o)
 .ARM.attributes
                0x0000097e       0x34 /home/gustavo/st/stm32cubeide_1.19.0/plugins/com.st.stm32cube.ide.mcu.externaltools.gnu-tools-for-stm32.13.3.rel1.linux64_1.0.0.202410170706/tools/bin/../lib/gcc/arm-none-eabi/13.3.1/../../../../arm-none-eabi/lib/thumb/v7e-m+fp/hard/libc_nano.a(libc_a-fflush.o)
 .ARM.attributes
                0x000009b2       0x34 /home/gustavo/st/stm32cubeide_1.19.0/plugins/com.st.stm32cube.ide.mcu.externaltools.gnu-tools-for-stm32.13.3.rel1.linux64_1.0.0.202410170706/tools/bin/../lib/gcc/arm-none-eabi/13.3.1/../../../../arm-none-eabi/lib/thumb/v7e-m+fp/hard/libc_nano.a(libc_a-fprintf.o)
 .ARM.attributes
                0x000009e6       0x34 /home/gustavo/st/stm32cubeide_1.19.0/plugins/com.st.stm32cube.ide.mcu.externaltools.gnu-tools-for-stm32.13.3.rel1.linux64_1.0.0.202410170706/tools/bin/../lib/gcc/arm-none-eabi/13.3.1/../../../../arm-none-eabi/lib/thumb/v7e-m+fp/hard/libc_nano.a(libc_a-memmove.o)
 .ARM.attributes
                0x00000a1a       0x1c /home/gustavo/st/stm32cubeide_1.19.0/plugins/com.st.stm32cube.ide.mcu.externaltools.gnu-tools-for-stm32.13.3.rel1.linux64_1.0.0.202410170706/tools/bin/../lib/gcc/arm-none-eabi/13.3.1/../../../../arm-none-eabi/lib/thumb/v7e-m+fp/hard/libc_nano.a(libc_a-memchr.o)
 .ARM.attributes
                0x00000a36       0x34 /home/gustavo/st/stm32cubeide_1.19.0/plugins/com.st.stm32cube.ide.mcu.externaltools.gnu-tools-for-stm32.13.3.rel1.linux64_1.0.0.202410170706/tools/bin/../lib/gcc/arm-none-eabi/13.3.1/../../../../arm-none-eabi/lib/thumb/v7e-m+fp/hard/libc_nano.a(libc_a-abort.o)
 .ARM.attributes
                0x00000a6a       0x34 /home/gustavo/st/stm32cubeide_1.19.0/plugins/com.st.stm32cube.ide.mcu.externaltools.gnu-tools-for-stm32.13.3.rel1.linux64_1.0.0.202410170706/tools/bin/../lib/gcc/arm-none-eabi/13.3.1/../../../../arm-none-eabi/lib/thumb/v7e-m+fp/hard/libc_nano.a(libc_a-reallocr.o)
 .ARM.attributes
                0x00000a9e       0x34 /home/gustavo/st/stm32cubeide_1.19.0/plugins/com.st.stm32cube.ide.mcu.externaltools.gnu-tools-for-stm32.13.3.rel1.linux64_1.0.0.202410170706/tools/bin/../lib/gcc/arm-none-eabi/13.3.1/../../../../arm-none-eabi/lib/thumb/v7e-m+fp/hard/libc_nano.a(libc_a-nano-vfprintf.o)
 .ARM.attributes
                0x00000ad2       0x34 /home/gustavo/st/stm32cubeide_1.19.0/plugins/com.st.stm32cube.ide.mcu.externaltools.gnu-tools-for-stm32.13.3.rel1.linux64_1.0.0.202410170706/tools/bin/../lib/gcc/arm-none-eabi/13.3.1/../../../../arm-none-eabi/lib/thumb/v7e-m+fp/hard/libc_nano.a(libc_a-wbuf.o)
 .ARM.attributes
                0x00000b06       0x34 /home/gustavo/st/stm32cubeide_1.19.0/plugins/com.st.stm32cube.ide.mcu.externaltools.gnu-tools-for-stm32.13.3.rel1.linux64_1.0.0.202410170706/tools/bin/../lib/gcc/arm-none-eabi/13.3.1/../../../../arm-none-eabi/lib/thumb/v7e-m+fp/hard/libc_nano.a(libc_a-wsetup.o)
 .ARM.attributes
                0x00000b3a       0x34 /home/gustavo/st/stm32cubeide_1.19.0/plugins/com.st.stm32cube.ide.mcu.externaltools.gnu-tools-for-stm32.13.3.rel1.linux64_1.0.0.202410170706/tools/bin/../lib/gcc/arm-none-eabi/13.3.1/../../../../arm-none-eabi/lib/thumb/v7e-m+fp/hard/libc_nano.a(libc_a-signal.o)
 .ARM.attributes
                0x00000b6e       0x34 /home/gustavo/st/stm32cubeide_1.19.0/plugins/com.st.stm32cube.ide.mcu.externaltools.gnu-tools-for-stm32.13.3.rel1.linux64_1.0.0.202410170706/tools/bin/../lib/gcc/arm-none-eabi/13.3.1/../../../../arm-none-eabi/lib/thumb/v7e-m+fp/hard/libc_nano.a(libc_a-signalr.o)
 .ARM.attributes
                0x00000ba2       0x34 /home/gustavo/st/stm32cubeide_1.19.0/plugins/com.st.stm32cube.ide.mcu.externaltools.gnu-tools-for-stm32.13.3.rel1.linux64_1.0.0.202410170706/tools/bin/../lib/gcc/arm-none-eabi/13.3.1/../../../../arm-none-eabi/lib/thumb/v7e-m+fp/hard/libc_nano.a(libc_a-msizer.o)
 .ARM.attributes
                0x00000bd6       0x34 /home/gustavo/st/stm32cubeide_1.19.0/plugins/com.st.stm32cube.ide.mcu.externaltools.gnu-tools-for-stm32.13.3.rel1.linux64_1.0.0.202410170706/tools/bin/../lib/gcc/arm-none-eabi/13.3.1/../../../../arm-none-eabi/lib/thumb/v7e-m+fp/hard/libc_nano.a(libc_a-makebuf.o)
 .ARM.attributes
                0x00000c0a       0x34 /home/gustavo/st/stm32cubeide_1.19.0/plugins/com.st.stm32cube.ide.mcu.externaltools.gnu-tools-for-stm32.13.3.rel1.linux64_1.0.0.202410170706/tools/bin/../lib/gcc/arm-none-eabi/13.3.1/../../../../arm-none-eabi/lib/thumb/v7e-m+fp/hard/libc_nano.a(libc_a-fstatr.o)
 .ARM.attributes
                0x00000c3e       0x34 /home/gustavo/st/stm32cubeide_1.19.0/plugins/com.st.stm32cube.ide.mcu.externaltools.gnu-tools-for-stm32.13.3.rel1.linux64_1.0.0.202410170706/tools/bin/../lib/gcc/arm-none-eabi/13.3.1/../../../../arm-none-eabi/lib/thumb/v7e-m+fp/hard/libc_nano.a(libc_a-isattyr.o)
 .ARM.attributes
                0x00000c72       0x22 /home/gustavo/st/stm32cubeide_1.19.0/plugins/com.st.stm32cube.ide.mcu.externaltools.gnu-tools-for-stm32.13.3.rel1.linux64_1.0.0.202410170706/tools/bin/../lib/gcc/arm-none-eabi/13.3.1/thumb/v7e-m+fp/hard/libgcc.a(_aeabi_uldivmod.o)
 .ARM.attributes
                0x00000c94       0x34 /home/gustavo/st/stm32cubeide_1.19.0/plugins/com.st.stm32cube.ide.mcu.externaltools.gnu-tools-for-stm32.13.3.rel1.linux64_1.0.0.202410170706/tools/bin/../lib/gcc/arm-none-eabi/13.3.1/thumb/v7e-m+fp/hard/libgcc.a(_udivmoddi4.o)
 .ARM.attributes
                0x00000cc8       0x22 /home/gustavo/st/stm32cubeide_1.19.0/plugins/com.st.stm32cube.ide.mcu.externaltools.gnu-tools-for-stm32.13.3.rel1.linux64_1.0.0.202410170706/tools/bin/../lib/gcc/arm-none-eabi/13.3.1/thumb/v7e-m+fp/hard/libgcc.a(_dvmd_tls.o)
 .ARM.attributes
                0x00000cea       0x22 /home/gustavo/st/stm32cubeide_1.19.0/plugins/com.st.stm32cube.ide.mcu.externaltools.gnu-tools-for-stm32.13.3.rel1.linux64_1.0.0.202410170706/tools/bin/../lib/gcc/arm-none-eabi/13.3.1/thumb/v7e-m+fp/hard/crtn.o
OUTPUT(stm32l412kb_loramesh.elf elf32-littlearm)
LOAD linker stubs
LOAD /home/gustavo/st/stm32cubeide_1.19.0/plugins/com.st.stm32cube.ide.mcu.externaltools.gnu-tools-for-stm32.13.3.rel1.linux64_1.0.0.202410170706/tools/bin/../lib/gcc/arm-none-eabi/13.3.1/../../../../arm-none-eabi/lib/thumb/v7e-m+fp/hard/libc.a
LOAD /home/gustavo/st/stm32cubeide_1.19.0/plugins/com.st.stm32cube.ide.mcu.externaltools.gnu-tools-for-stm32.13.3.rel1.linux64_1.0.0.202410170706/tools/bin/../lib/gcc/arm-none-eabi/13.3.1/../../../../arm-none-eabi/lib/thumb/v7e-m+fp/hard/libm.a
LOAD /home/gustavo/st/stm32cubeide_1.19.0/plugins/com.st.stm32cube.ide.mcu.externaltools.gnu-tools-for-stm32.13.3.rel1.linux64_1.0.0.202410170706/tools/bin/../lib/gcc/arm-none-eabi/13.3.1/thumb/v7e-m+fp/hard/libgcc.a

.debug_info     0x00000000    0x131a6
 .debug_info    0x00000000     0x3ded ./Core/Src/loramesh.o
 .debug_info    0x00003ded      0xd51 ./Core/Src/main.o
 .debug_info    0x00004b3e      0xde5 ./Core/Src/stm32l4xx_hal_msp.o
 .debug_info    0x00005923      0x71b ./Core/Src/stm32l4xx_it.o
 .debug_info    0x0000603e      0x6a3 ./Core/Src/syscalls.o
 .debug_info    0x000066e1      0x168 ./Core/Src/sysmem.o
 .debug_info    0x00006849      0x5f0 ./Core/Src/system_stm32l4xx.o
 .debug_info    0x00006e39       0x30 ./Core/Startup/startup_stm32l412kbux.o
 .debug_info    0x00006e69      0x9c6 ./Drivers/STM32L4xx_HAL_Driver/Src/stm32l4xx_hal.o
 .debug_info    0x0000782f      0xd17 ./Drivers/STM32L4xx_HAL_Driver/Src/stm32l4xx_hal_cortex.o
 .debug_info    0x00008546      0x71a ./Drivers/STM32L4xx_HAL_Driver/Src/stm32l4xx_hal_dma.o
 .debug_info    0x00008c60      0x79f ./Drivers/STM32L4xx_HAL_Driver/Src/stm32l4xx_hal_gpio.o
 .debug_info    0x000093ff      0x958 ./Drivers/STM32L4xx_HAL_Driver/Src/stm32l4xx_hal_pwr.o
 .debug_info    0x00009d57      0x994 ./Drivers/STM32L4xx_HAL_Driver/Src/stm32l4xx_hal_pwr_ex.o
 .debug_info    0x0000a6eb      0xc11 ./Drivers/STM32L4xx_HAL_Driver/Src/stm32l4xx_hal_rcc.o
 .debug_info    0x0000b2fc      0xd2b ./Drivers/STM32L4xx_HAL_Driver/Src/stm32l4xx_hal_rcc_ex.o
 .debug_info    0x0000c027     0x3b9c ./Drivers/STM32L4xx_HAL_Driver/Src/stm32l4xx_hal_uart.o
 .debug_info    0x0000fbc3      0xded ./Drivers/STM32L4xx_HAL_Driver/Src/stm32l4xx_hal_uart_ex.o
 .debug_info    0x000109b0     0x27f6 ./LoRaMESH/src/core/LoRaMESH.o

.debug_abbrev   0x00000000     0x2d48
 .debug_abbrev  0x00000000      0x702 ./Core/Src/loramesh.o
 .debug_abbrev  0x00000702      0x26f ./Core/Src/main.o
 .debug_abbrev  0x00000971      0x1d7 ./Core/Src/stm32l4xx_hal_msp.o
 .debug_abbrev  0x00000b48      0x195 ./Core/Src/stm32l4xx_it.o
 .debug_abbrev  0x00000cdd      0x1b6 ./Core/Src/syscalls.o
 .debug_abbrev  0x00000e93       0xbc ./Core/Src/sysmem.o
 .debug_abbrev  0x00000f4f      0x117 ./Core/Src/system_stm32l4xx.o
 .debug_abbrev  0x00001066       0x24 ./Core/Startup/startup_stm32l412kbux.o
 .debug_abbrev  0x0000108a      0x257 ./Drivers/STM32L4xx_HAL_Driver/Src/stm32l4xx_hal.o
 .debug_abbrev  0x000012e1      0x31c ./Drivers/STM32L4xx_HAL_Driver/Src/stm32l4xx_hal_cortex.o
 .debug_abbrev  0x000015fd      0x1fd ./Drivers/STM32L4xx_HAL_Driver/Src/stm32l4xx_hal_dma.o
 .debug_abbrev  0x000017fa      0x1d1 ./Drivers/STM32L4xx_HAL_Driver/Src/stm32l4xx_hal_gpio.o
 .debug_abbrev  0x000019cb      0x1e5 ./Drivers/STM32L4xx_HAL_Driver/Src/stm32l4xx_hal_pwr.o
 .debug_abbrev  0x00001bb0      0x1f9 ./Drivers/STM32L4xx_HAL_Driver/Src/stm32l4xx_hal_pwr_ex.o
 .debug_abbrev  0x00001da9      0x2e7 ./Drivers/STM32L4xx_HAL_Driver/Src/stm32l4xx_hal_rcc.o
 .debug_abbrev  0x00002090      0x26c ./Drivers/STM32L4xx_HAL_Driver/Src/stm32l4xx_hal_rcc_ex.o
 .debug_abbrev  0x000022fc      0x2f3 ./Drivers/STM32L4xx_HAL_Driver/Src/stm32l4xx_hal_uart.o
 .debug_abbrev  0x000025ef      0x2d0 ./Drivers/STM32L4xx_HAL_Driver/Src/stm32l4xx_hal_uart_ex.o
 .debug_abbrev  0x000028bf      0x489 ./LoRaMESH/src/core/LoRaMESH.o

.debug_aranges  0x00000000      0xcd8
 .debug_aranges
                0x00000000       0xf0 ./Core/Src/loramesh.o
 .debug_aranges
                0x000000f0       0x48 ./Core/Src/main.o
 .debug_aranges
                0x00000138       0x30 ./Core/Src/stm32l4xx_hal_msp.o
 .debug_aranges
                0x00000168       0x68 ./Core/Src/stm32l4xx_it.o
 .debug_aranges
                0x000001d0       0xa8 ./Core/Src/syscalls.o
 .debug_aranges
                0x00000278       0x20 ./Core/Src/sysmem.o
 .debug_aranges
                0x00000298       0x28 ./Core/Src/system_stm32l4xx.o
 .debug_aranges
                0x000002c0       0x28 ./Core/Startup/startup_stm32l412kbux.o
 .debug_aranges
                0x000002e8      0x108 ./Drivers/STM32L4xx_HAL_Driver/Src/stm32l4xx_hal.o
 .debug_aranges
                0x000003f0      0x128 ./Drivers/STM32L4xx_HAL_Driver/Src/stm32l4xx_hal_cortex.o
 .debug_aranges
                0x00000518       0x80 ./Drivers/STM32L4xx_HAL_Driver/Src/stm32l4xx_hal_dma.o
 .debug_aranges
                0x00000598       0x58 ./Drivers/STM32L4xx_HAL_Driver/Src/stm32l4xx_hal_gpio.o
 .debug_aranges
                0x000005f0       0x98 ./Drivers/STM32L4xx_HAL_Driver/Src/stm32l4xx_hal_pwr.o
 .debug_aranges
                0x00000688      0x148 ./Drivers/STM32L4xx_HAL_Driver/Src/stm32l4xx_hal_pwr_ex.o
 .debug_aranges
                0x000007d0       0x90 ./Drivers/STM32L4xx_HAL_Driver/Src/stm32l4xx_hal_rcc.o
 .debug_aranges
                0x00000860       0xd0 ./Drivers/STM32L4xx_HAL_Driver/Src/stm32l4xx_hal_rcc_ex.o
 .debug_aranges
                0x00000930      0x228 ./Drivers/STM32L4xx_HAL_Driver/Src/stm32l4xx_hal_uart.o
 .debug_aranges
                0x00000b58       0x80 ./Drivers/STM32L4xx_HAL_Driver/Src/stm32l4xx_hal_uart_ex.o
 .debug_aranges
                0x00000bd8      0x100 ./LoRaMESH/src/core/LoRaMESH.o

.debug_rnglists
                0x00000000      0x9d5
 .debug_rnglists
                0x00000000       0xb1 ./Core/Src/loramesh.o
 .debug_rnglists
                0x000000b1       0x33 ./Core/Src/main.o
 .debug_rnglists
                0x000000e4       0x20 ./Core/Src/stm32l4xx_hal_msp.o
 .debug_rnglists
                0x00000104       0x49 ./Core/Src/stm32l4xx_it.o
 .debug_rnglists
                0x0000014d       0x79 ./Core/Src/syscalls.o
 .debug_rnglists
                0x000001c6       0x13 ./Core/Src/sysmem.o
 .debug_rnglists
                0x000001d9       0x1a ./Core/Src/system_stm32l4xx.o
 .debug_rnglists
                0x000001f3       0x19 ./Core/Startup/startup_stm32l412kbux.o
 .debug_rnglists
                0x0000020c       0xc1 ./Drivers/STM32L4xx_HAL_Driver/Src/stm32l4xx_hal.o
 .debug_rnglists
                0x000002cd       0xda ./Drivers/STM32L4xx_HAL_Driver/Src/stm32l4xx_hal_cortex.o
 .debug_rnglists
                0x000003a7       0x65 ./Drivers/STM32L4xx_HAL_Driver/Src/stm32l4xx_hal_dma.o
 .debug_rnglists
                0x0000040c       0x3f ./Drivers/STM32L4xx_HAL_Driver/Src/stm32l4xx_hal_gpio.o
 .debug_rnglists
                0x0000044b       0x6e ./Drivers/STM32L4xx_HAL_Driver/Src/stm32l4xx_hal_pwr.o
 .debug_rnglists
                0x000004b9       0xf7 ./Drivers/STM32L4xx_HAL_Driver/Src/stm32l4xx_hal_pwr_ex.o
 .debug_rnglists
                0x000005b0       0x6d ./Drivers/STM32L4xx_HAL_Driver/Src/stm32l4xx_hal_rcc.o
 .debug_rnglists
                0x0000061d       0x9f ./Drivers/STM32L4xx_HAL_Driver/Src/stm32l4xx_hal_rcc_ex.o
 .debug_rnglists
                0x000006bc      0x1da ./Drivers/STM32L4xx_HAL_Driver/Src/stm32l4xx_hal_uart.o
 .debug_rnglists
                0x00000896       0x60 ./Drivers/STM32L4xx_HAL_Driver/Src/stm32l4xx_hal_uart_ex.o
 .debug_rnglists
                0x000008f6       0xdf ./LoRaMESH/src/core/LoRaMESH.o

.debug_macro    0x00000000    0x1e0f8
 .debug_macro   0x00000000      0x3d2 ./Core/Src/loramesh.o
 .debug_macro   0x000003d2      0xbb0 ./Core/Src/loramesh.o
 .debug_macro   0x00000f82      0x1a1 ./Core/Src/loramesh.o
 .debug_macro   0x00001123       0x2e ./Core/Src/loramesh.o
 .debug_macro   0x00001151       0x28 ./Core/Src/loramesh.o
 .debug_macro   0x00001179       0x1c ./Core/Src/loramesh.o